stm32f1xx_hal_spi.c:3875:13:SPI_AbortRx_ISR	8	static
stm32f1xx_hal_spi.c:3908:13:SPI_AbortTx_ISR	0	static
stm32f1xx_hal_spi.c:3513:26:SPI_WaitFlagStateUntilTimeout.constprop	32	static
stm32f1xx_hal_spi.c:3580:26:SPI_EndRxTransaction	16	static
stm32f1xx_hal_spi.c:3617:26:SPI_EndRxTxTransaction	8	static
stm32f1xx_hal_spi.c:507:13:HAL_SPI_MspInit	0	static
stm32f1xx_hal_spi.c:335:19:HAL_SPI_Init	8	static
stm32f1xx_hal_spi.c:523:13:HAL_SPI_MspDeInit	0	static
stm32f1xx_hal_spi.c:463:19:HAL_SPI_DeInit	8	static
stm32f1xx_hal_spi.c:795:19:HAL_SPI_Transmit	40	static
stm32f1xx_hal_spi.c:1169:19:HAL_SPI_TransmitReceive	40	static
stm32f1xx_hal_spi.c:960:19:HAL_SPI_Receive	32	static
stm32f1xx_hal_spi.c:1397:19:HAL_SPI_Transmit_IT	0	static
stm32f1xx_hal_spi.c:1576:19:HAL_SPI_TransmitReceive_IT	12	static
stm32f1xx_hal_spi.c:1482:19:HAL_SPI_Receive_IT	12	static
stm32f1xx_hal_spi.c:1664:19:HAL_SPI_Transmit_DMA	16	static
stm32f1xx_hal_spi.c:1887:19:HAL_SPI_TransmitReceive_DMA	16	static
stm32f1xx_hal_spi.c:1772:19:HAL_SPI_Receive_DMA	24	static
stm32f1xx_hal_spi.c:2033:19:HAL_SPI_Abort	24	static
stm32f1xx_hal_spi.c:2337:19:HAL_SPI_DMAPause	0	static
stm32f1xx_hal_spi.c:2357:19:HAL_SPI_DMAResume	0	static
stm32f1xx_hal_spi.c:2377:19:HAL_SPI_DMAStop	16	static
stm32f1xx_hal_spi.c:2519:13:HAL_SPI_TxCpltCallback	0	static
stm32f1xx_hal_spi.c:2535:13:HAL_SPI_RxCpltCallback	0	static
stm32f1xx_hal_spi.c:2551:13:HAL_SPI_TxRxCpltCallback	0	static
stm32f1xx_hal_spi.c:2567:13:HAL_SPI_TxHalfCpltCallback	0	static
stm32f1xx_hal_spi.c:2941:13:SPI_DMAHalfTransmitCplt	8	static
stm32f1xx_hal_spi.c:2583:13:HAL_SPI_RxHalfCpltCallback	0	static
stm32f1xx_hal_spi.c:2959:13:SPI_DMAHalfReceiveCplt	8	static
stm32f1xx_hal_spi.c:2599:13:HAL_SPI_TxRxHalfCpltCallback	0	static
stm32f1xx_hal_spi.c:2977:13:SPI_DMAHalfTransmitReceiveCplt	8	static
stm32f1xx_hal_spi.c:2615:13:HAL_SPI_ErrorCallback	0	static
stm32f1xx_hal_spi.c:3814:13:SPI_CloseTx_ISR	16	static
stm32f1xx_hal_spi.c:3458:13:SPI_TxISR_8BIT	0	static
stm32f1xx_hal_spi.c:3483:13:SPI_TxISR_16BIT	4	static
stm32f1xx_hal_spi.c:3740:13:SPI_CloseRx_ISR	16	static
stm32f1xx_hal_spi.c:3359:13:SPI_RxISR_8BIT	0	static
stm32f1xx_hal_spi.c:3418:13:SPI_RxISR_16BIT	0	static
stm32f1xx_hal_spi.c:3634:13:SPI_CloseRxTx_ISR	16	static
stm32f1xx_hal_spi.c:3218:13:SPI_2linesTxISR_8BIT	0	static
stm32f1xx_hal_spi.c:3162:13:SPI_2linesRxISR_8BIT	0	static
stm32f1xx_hal_spi.c:3306:13:SPI_2linesTxISR_16BIT	4	static
stm32f1xx_hal_spi.c:3254:13:SPI_2linesRxISR_16BIT	4	static
stm32f1xx_hal_spi.c:2995:13:SPI_DMAError	8	static
stm32f1xx_hal_spi.c:2705:13:SPI_DMATransmitCplt	24	static
stm32f1xx_hal_spi.c:2762:13:SPI_DMAReceiveCplt	16	static
stm32f1xx_hal_spi.c:2856:13:SPI_DMATransmitReceiveCplt	16	static
stm32f1xx_hal_spi.c:2417:6:HAL_SPI_IRQHandler	40	static
stm32f1xx_hal_spi.c:3018:13:SPI_DMAAbortOnError	8	static
stm32f1xx_hal_spi.c:2633:13:HAL_SPI_AbortCpltCallback	0	static
stm32f1xx_hal_spi.c:2177:19:HAL_SPI_Abort_IT	32	static
stm32f1xx_hal_spi.c:3104:13:SPI_DMARxAbortCallback	16	static
stm32f1xx_hal_spi.c:3040:13:SPI_DMATxAbortCallback	16	static
stm32f1xx_hal_spi.c:2668:22:HAL_SPI_GetState	0	static
stm32f1xx_hal_spi.c:2680:10:HAL_SPI_GetError	0	static
