main.c:79:6:levelUp	24	static
main.c:127:5:main	232	static
main.c:224:6:SystemClock_Config	128	static
main.c:277:13:MX_ADC1_Init	48	static
main.c:340:13:MX_I2C1_Init	8	static
main.c:386:13:MX_SPI2_Init	8	static
main.c:426:13:MX_TIM1_Init	96	static
main.c:512:13:MX_TIM3_Init	88	static
main.c:582:13:MX_TIM4_Init	40	static
main.c:627:13:MX_USART1_UART_Init	8	static
main.c:662:13:MX_USART2_UART_Init	8	static
main.c:695:13:MX_DMA_Init	16	static
main.c:713:13:MX_GPIO_Init	48	static
main.c:766:6:Error_Handler	4	static,ignoring_inline_asm
