Archive member included to satisfy reference by file (symbol)

/opt/st/stm32cubeide_1.6.1/plugins/com.st.stm32cube.ide.mcu.externaltools.gnu-tools-for-stm32.9-2020-q2-update.linux64_1.5.0.202011040924/tools/bin/../lib/gcc/arm-none-eabi/9.3.1/../../../../arm-none-eabi/lib/thumb/v7-m/nofp/libm.a(lib_a-w_acos.o)
                              Core/Src/main.o (acos)
/opt/st/stm32cubeide_1.6.1/plugins/com.st.stm32cube.ide.mcu.externaltools.gnu-tools-for-stm32.9-2020-q2-update.linux64_1.5.0.202011040924/tools/bin/../lib/gcc/arm-none-eabi/9.3.1/../../../../arm-none-eabi/lib/thumb/v7-m/nofp/libm.a(lib_a-w_sqrt.o)
                              Core/Src/main.o (sqrt)
/opt/st/stm32cubeide_1.6.1/plugins/com.st.stm32cube.ide.mcu.externaltools.gnu-tools-for-stm32.9-2020-q2-update.linux64_1.5.0.202011040924/tools/bin/../lib/gcc/arm-none-eabi/9.3.1/../../../../arm-none-eabi/lib/thumb/v7-m/nofp/libm.a(lib_a-e_acos.o)
                              /opt/st/stm32cubeide_1.6.1/plugins/com.st.stm32cube.ide.mcu.externaltools.gnu-tools-for-stm32.9-2020-q2-update.linux64_1.5.0.202011040924/tools/bin/../lib/gcc/arm-none-eabi/9.3.1/../../../../arm-none-eabi/lib/thumb/v7-m/nofp/libm.a(lib_a-w_acos.o) (__ieee754_acos)
/opt/st/stm32cubeide_1.6.1/plugins/com.st.stm32cube.ide.mcu.externaltools.gnu-tools-for-stm32.9-2020-q2-update.linux64_1.5.0.202011040924/tools/bin/../lib/gcc/arm-none-eabi/9.3.1/../../../../arm-none-eabi/lib/thumb/v7-m/nofp/libm.a(lib_a-e_sqrt.o)
                              /opt/st/stm32cubeide_1.6.1/plugins/com.st.stm32cube.ide.mcu.externaltools.gnu-tools-for-stm32.9-2020-q2-update.linux64_1.5.0.202011040924/tools/bin/../lib/gcc/arm-none-eabi/9.3.1/../../../../arm-none-eabi/lib/thumb/v7-m/nofp/libm.a(lib_a-w_sqrt.o) (__ieee754_sqrt)
/opt/st/stm32cubeide_1.6.1/plugins/com.st.stm32cube.ide.mcu.externaltools.gnu-tools-for-stm32.9-2020-q2-update.linux64_1.5.0.202011040924/tools/bin/../lib/gcc/arm-none-eabi/9.3.1/../../../../arm-none-eabi/lib/thumb/v7-m/nofp/libm.a(lib_a-s_fabs.o)
                              /opt/st/stm32cubeide_1.6.1/plugins/com.st.stm32cube.ide.mcu.externaltools.gnu-tools-for-stm32.9-2020-q2-update.linux64_1.5.0.202011040924/tools/bin/../lib/gcc/arm-none-eabi/9.3.1/../../../../arm-none-eabi/lib/thumb/v7-m/nofp/libm.a(lib_a-w_acos.o) (fabs)
/opt/st/stm32cubeide_1.6.1/plugins/com.st.stm32cube.ide.mcu.externaltools.gnu-tools-for-stm32.9-2020-q2-update.linux64_1.5.0.202011040924/tools/bin/../lib/gcc/arm-none-eabi/9.3.1/../../../../arm-none-eabi/lib/thumb/v7-m/nofp/libm.a(lib_a-s_lib_ver.o)
                              /opt/st/stm32cubeide_1.6.1/plugins/com.st.stm32cube.ide.mcu.externaltools.gnu-tools-for-stm32.9-2020-q2-update.linux64_1.5.0.202011040924/tools/bin/../lib/gcc/arm-none-eabi/9.3.1/../../../../arm-none-eabi/lib/thumb/v7-m/nofp/libm.a(lib_a-w_acos.o) (__fdlib_version)
/opt/st/stm32cubeide_1.6.1/plugins/com.st.stm32cube.ide.mcu.externaltools.gnu-tools-for-stm32.9-2020-q2-update.linux64_1.5.0.202011040924/tools/bin/../lib/gcc/arm-none-eabi/9.3.1/../../../../arm-none-eabi/lib/thumb/v7-m/nofp/libm.a(lib_a-s_nan.o)
                              /opt/st/stm32cubeide_1.6.1/plugins/com.st.stm32cube.ide.mcu.externaltools.gnu-tools-for-stm32.9-2020-q2-update.linux64_1.5.0.202011040924/tools/bin/../lib/gcc/arm-none-eabi/9.3.1/../../../../arm-none-eabi/lib/thumb/v7-m/nofp/libm.a(lib_a-w_acos.o) (nan)
/opt/st/stm32cubeide_1.6.1/plugins/com.st.stm32cube.ide.mcu.externaltools.gnu-tools-for-stm32.9-2020-q2-update.linux64_1.5.0.202011040924/tools/bin/../lib/gcc/arm-none-eabi/9.3.1/../../../../arm-none-eabi/lib/thumb/v7-m/nofp/libc_nano.a(lib_a-errno.o)
                              Core/Src/syscalls.o (__errno)
/opt/st/stm32cubeide_1.6.1/plugins/com.st.stm32cube.ide.mcu.externaltools.gnu-tools-for-stm32.9-2020-q2-update.linux64_1.5.0.202011040924/tools/bin/../lib/gcc/arm-none-eabi/9.3.1/../../../../arm-none-eabi/lib/thumb/v7-m/nofp/libc_nano.a(lib_a-exit.o)
                              /opt/st/stm32cubeide_1.6.1/plugins/com.st.stm32cube.ide.mcu.externaltools.gnu-tools-for-stm32.9-2020-q2-update.linux64_1.5.0.202011040924/tools/bin/../lib/gcc/arm-none-eabi/9.3.1/../../../../arm-none-eabi/lib/thumb/v7-m/nofp/crt0.o (exit)
/opt/st/stm32cubeide_1.6.1/plugins/com.st.stm32cube.ide.mcu.externaltools.gnu-tools-for-stm32.9-2020-q2-update.linux64_1.5.0.202011040924/tools/bin/../lib/gcc/arm-none-eabi/9.3.1/../../../../arm-none-eabi/lib/thumb/v7-m/nofp/libc_nano.a(lib_a-impure.o)
                              /opt/st/stm32cubeide_1.6.1/plugins/com.st.stm32cube.ide.mcu.externaltools.gnu-tools-for-stm32.9-2020-q2-update.linux64_1.5.0.202011040924/tools/bin/../lib/gcc/arm-none-eabi/9.3.1/../../../../arm-none-eabi/lib/thumb/v7-m/nofp/libc_nano.a(lib_a-exit.o) (_global_impure_ptr)
/opt/st/stm32cubeide_1.6.1/plugins/com.st.stm32cube.ide.mcu.externaltools.gnu-tools-for-stm32.9-2020-q2-update.linux64_1.5.0.202011040924/tools/bin/../lib/gcc/arm-none-eabi/9.3.1/../../../../arm-none-eabi/lib/thumb/v7-m/nofp/libc_nano.a(lib_a-init.o)
[...]
Memory Configuration

Name             Origin             Length             Attributes
RAM              0x0000000020000000 0x0000000000005000 xrw
FLASH            0x0000000008000000 0x0000000000010000 xr
*default*        0x0000000000000000 0xffffffffffffffff

Linker script and memory map

LOAD /opt/st/stm32cubeide_1.6.1/plugins/com.st.stm32cube.ide.mcu.externaltools.gnu-tools-for-stm32.9-2020-q2-update.linux64_1.5.0.202011040924/tools/bin/../lib/gcc/arm-none-eabi/9.3.1/thumb/v7-m/nofp/crti.o
LOAD /opt/st/stm32cubeide_1.6.1/plugins/com.st.stm32cube.ide.mcu.externaltools.gnu-tools-for-stm32.9-2020-q2-update.linux64_1.5.0.202011040924/tools/bin/../lib/gcc/arm-none-eabi/9.3.1/thumb/v7-m/nofp/crtbegin.o
LOAD /opt/st/stm32cubeide_1.6.1/plugins/com.st.stm32cube.ide.mcu.externaltools.gnu-tools-for-stm32.9-2020-q2-update.linux64_1.5.0.202011040924/tools/bin/../lib/gcc/arm-none-eabi/9.3.1/../../../../arm-none-eabi/lib/thumb/v7-m/nofp/crt0.o
LOAD Core/Src/dhcp.o
LOAD Core/Src/dns.o
LOAD Core/Src/main.o
LOAD Core/Src/socket.o
LOAD Core/Src/stm32f1xx_hal_msp.o
LOAD Core/Src/stm32f1xx_it.o
LOAD Core/Src/syscalls.o
LOAD Core/Src/sysmem.o
LOAD Core/Src/system_stm32f1xx.o
LOAD Core/Src/w5500.o
LOAD Core/Src/wizchip_conf.o
LOAD Core/Startup/startup_stm32f103c8tx.o
LOAD Drivers/STM32F1xx_HAL_Driver/Src/stm32f1xx_hal.o
LOAD Drivers/STM32F1xx_HAL_Driver/Src/stm32f1xx_hal_cortex.o
LOAD Drivers/STM32F1xx_HAL_Driver/Src/stm32f1xx_hal_dma.o
LOAD Drivers/STM32F1xx_HAL_Driver/Src/stm32f1xx_hal_exti.o
LOAD Drivers/STM32F1xx_HAL_Driver/Src/stm32f1xx_hal_flash.o
LOAD Drivers/STM32F1xx_HAL_Driver/Src/stm32f1xx_hal_flash_ex.o
LOAD Drivers/STM32F1xx_HAL_Driver/Src/stm32f1xx_hal_gpio.o
LOAD Drivers/STM32F1xx_HAL_Driver/Src/stm32f1xx_hal_gpio_ex.o
LOAD Drivers/STM32F1xx_HAL_Driver/Src/stm32f1xx_hal_i2c.o
LOAD Drivers/STM32F1xx_HAL_Driver/Src/stm32f1xx_hal_pwr.o
LOAD Drivers/STM32F1xx_HAL_Driver/Src/stm32f1xx_hal_rcc.o
LOAD Drivers/STM32F1xx_HAL_Driver/Src/stm32f1xx_hal_rcc_ex.o
LOAD Drivers/STM32F1xx_HAL_Driver/Src/stm32f1xx_hal_spi.o
LOAD Drivers/STM32F1xx_HAL_Driver/Src/stm32f1xx_hal_tim.o
LOAD Drivers/STM32F1xx_HAL_Driver/Src/stm32f1xx_hal_tim_ex.o
LOAD Drivers/STM32F1xx_HAL_Driver/Src/stm32f1xx_hal_uart.o
START GROUP
LOAD /opt/st/stm32cubeide_1.6.1/plugins/com.st.stm32cube.ide.mcu.externaltools.gnu-tools-for-stm32.9-2020-q2-update.linux64_1.5.0.202011040924/tools/bin/../lib/gcc/arm-none-eabi/9.3.1/../../../../arm-none-eabi/lib/thumb/v7-m/nofp/libstdc++_nano.a
LOAD /opt/st/stm32cubeide_1.6.1/plugins/com.st.stm32cube.ide.mcu.externaltools.gnu-tools-for-stm32.9-2020-q2-update.linux64_1.5.0.202011040924/tools/bin/../lib/gcc/arm-none-eabi/9.3.1/../../../../arm-none-eabi/lib/thumb/v7-m/nofp/libsupc++_nano.a
END GROUP
LOAD /opt/st/stm32cubeide_1.6.1/plugins/com.st.stm32cube.ide.mcu.externaltools.gnu-tools-for-stm32.9-2020-q2-update.linux64_1.5.0.202011040924/tools/bin/../lib/gcc/arm-none-eabi/9.3.1/../../../../arm-none-eabi/lib/thumb/v7-m/nofp/libstdc++_nano.a
LOAD /opt/st/stm32cubeide_1.6.1/plugins/com.st.stm32cube.ide.mcu.externaltools.gnu-tools-for-stm32.9-2020-q2-update.linux64_1.5.0.202011040924/tools/bin/../lib/gcc/arm-none-eabi/9.3.1/../../../../arm-none-eabi/lib/thumb/v7-m/nofp/libm.a
LOAD /opt/st/stm32cubeide_1.6.1/plugins/com.st.stm32cube.ide.mcu.externaltools.gnu-tools-for-stm32.9-2020-q2-update.linux64_1.5.0.202011040924/tools/bin/../lib/gcc/arm-none-eabi/9.3.1/../../../../arm-none-eabi/lib/thumb/v7-m/nofp/libc_nano.a
START GROUP
LOAD /opt/st/stm32cubeide_1.6.1/plugins/com.st.stm32cube.ide.mcu.externaltools.gnu-tools-for-stm32.9-2020-q2-update.linux64_1.5.0.202011040924/tools/bin/../lib/gcc/arm-none-eabi/9.3.1/thumb/v7-m/nofp/libgcc.a
LOAD /opt/st/stm32cubeide_1.6.1/plugins/com.st.stm32cube.ide.mcu.externaltools.gnu-tools-for-stm32.9-2020-q2-update.linux64_1.5.0.202011040924/tools/bin/../lib/gcc/arm-none-eabi/9.3.1/../../../../arm-none-eabi/lib/thumb/v7-m/nofp/libc_nano.a
END GROUP
START GROUP
LOAD /opt/st/stm32cubeide_1.6.1/plugins/com.st.stm32cube.ide.mcu.externaltools.gnu-tools-for-stm32.9-2020-q2-update.linux64_1.5.0.202011040924/tools/bin/../lib/gcc/arm-none-eabi/9.3.1/thumb/v7-m/nofp/libgcc.a
LOAD /opt/st/stm32cubeide_1.6.1/plugins/com.st.stm32cube.ide.mcu.externaltools.gnu-tools-for-stm32.9-2020-q2-update.linux64_1.5.0.202011040924/tools/bin/../lib/gcc/arm-none-eabi/9.3.1/../../../../arm-none-eabi/lib/thumb/v7-m/nofp/libc_nano.a
LOAD /opt/st/stm32cubeide_1.6.1/plugins/com.st.stm32cube.ide.mcu.externaltools.gnu-tools-for-stm32.9-2020-q2-update.linux64_1.5.0.202011040924/tools/bin/../lib/gcc/arm-none-eabi/9.3.1/../../../../arm-none-eabi/lib/thumb/v7-m/nofp/libnosys.a
END GROUP
START GROUP
LOAD /opt/st/stm32cubeide_1.6.1/plugins/com.st.stm32cube.ide.mcu.externaltools.gnu-tools-for-stm32.9-2020-q2-update.linux64_1.5.0.202011040924/tools/bin/../lib/gcc/arm-none-eabi/9.3.1/thumb/v7-m/nofp/libgcc.a
LOAD /opt/st/stm32cubeide_1.6.1/plugins/com.st.stm32cube.ide.mcu.externaltools.gnu-tools-for-stm32.9-2020-q2-update.linux64_1.5.0.202011040924/tools/bin/../lib/gcc/arm-none-eabi/9.3.1/../../../../arm-none-eabi/lib/thumb/v7-m/nofp/libc_nano.a
LOAD /opt/st/stm32cubeide_1.6.1/plugins/com.st.stm32cube.ide.mcu.externaltools.gnu-tools-for-stm32.9-2020-q2-update.linux64_1.5.0.202011040924/tools/bin/../lib/gcc/arm-none-eabi/9.3.1/../../../../arm-none-eabi/lib/thumb/v7-m/nofp/libnosys.a
END GROUP
LOAD /opt/st/stm32cubeide_1.6.1/plugins/com.st.stm32cube.ide.mcu.externaltools.gnu-tools-for-stm32.9-2020-q2-update.linux64_1.5.0.202011040924/tools/bin/../lib/gcc/arm-none-eabi/9.3.1/thumb/v7-m/nofp/crtend.o
LOAD /opt/st/stm32cubeide_1.6.1/plugins/com.st.stm32cube.ide.mcu.externaltools.gnu-tools-for-stm32.9-2020-q2-update.linux64_1.5.0.202011040924/tools/bin/../lib/gcc/arm-none-eabi/9.3.1/thumb/v7-m/nofp/crtn.o
                0x0000000020005000                _estack = (ORIGIN (RAM) + LENGTH (RAM))
                0x0000000000000200                _Min_Heap_Size = 0x200
                0x0000000000000400                _Min_Stack_Size = 0x400

.isr_vector     0x0000000008000000      0x10c
                0x0000000008000000                . = ALIGN (0x4)
 *(.isr_vector)
 .isr_vector    0x0000000008000000      0x10c Core/Startup/startup_stm32f103c8tx.o
                0x0000000008000000                g_pfnVectors
                0x000000000800010c                . = ALIGN (0x4)

.text           0x0000000008000110     0x9044
                0x0000000008000110                . = ALIGN (0x4)
 *(.text)
 .text          0x0000000008000110       0x40 /opt/st/stm32cubeide_1.6.1/plugins/com.st.stm32cube.ide.mcu.externaltools.gnu-tools-for-stm32.9-2020-q2-update.linux64_1.5.0.202011040924/tools/bin/../lib/gcc/arm-none-eabi/9.3.1/thumb/v7-m/nofp/crtbegin.o
 .text          0x0000000008000150       0x10 /opt/st/stm32cubeide_1.6.1/plugins/com.st.stm32cube.ide.mcu.externaltools.gnu-tools-for-stm32.9-2020-q2-update.linux64_1.5.0.202011040924/tools/bin/../lib/gcc/arm-none-eabi/9.3.1/../../../../arm-none-eabi/lib/thumb/v7-m/nofp/libc_nano.a(lib_a-strlen.o)
                0x0000000008000150                strlen
 .text          0x0000000008000160      0x378 /opt/st/stm32cubeide_1.6.1/plugins/com.st.stm32cube.ide.mcu.externaltools.gnu-tools-for-stm32.9-2020-q2-update.linux64_1.5.0.202011040924/tools/bin/../lib/gcc/arm-none-eabi/9.3.1/thumb/v7-m/nofp/libgcc.a(_arm_addsubdf3.o)
                0x0000000008000160                __aeabi_drsub
                0x0000000008000168                __aeabi_dsub
                0x0000000008000168                __subdf3
                0x000000000800016c                __adddf3
                0x000000000800016c                __aeabi_dadd
                0x00000000080003e4                __aeabi_ui2d
                0x00000000080003e4                __floatunsidf
                0x0000000008000404                __floatsidf
                0x0000000008000404                __aeabi_i2d
                0x0000000008000428                __extendsfdf2
                0x0000000008000428                __aeabi_f2d
                0x000000000800046c                __aeabi_ul2d
                0x000000000800046c                __floatundidf
                0x000000000800047c                __floatdidf
                0x000000000800047c                __aeabi_l2d
 .text          0x00000000080004d8      0x424 /opt/st/stm32cubeide_1.6.1/plugins/com.st.stm32cube.ide.mcu.externaltools.gnu-tools-for-stm32.9-2020-q2-update.linux64_1.5.0.202011040924/tools/bin/../lib/gcc/arm-none-eabi/9.3.1/thumb/v7-m/nofp/libgcc.a(_arm_muldivdf3.o)
                0x00000000080004d8                __aeabi_dmul
                0x00000000080004d8                __muldf3
                0x000000000800072c                __aeabi_ddiv
                0x000000000800072c                __divdf3
 .text          0x00000000080008fc      0x110 /opt/st/stm32cubeide_1.6.1/plugins/com.st.stm32cube.ide.mcu.externaltools.gnu-tools-for-stm32.9-2020-q2-update.linux64_1.5.0.202011040924/tools/bin/../lib/gcc/arm-none-eabi/9.3.1/thumb/v7-m/nofp/libgcc.a(_arm_cmpdf2.o)
                0x00000000080008fc                __gtdf2
                0x00000000080008fc                __gedf2
                0x0000000008000904                __ltdf2
                0x0000000008000904                __ledf2
                0x000000000800090c                __cmpdf2
                0x000000000800090c                __eqdf2
                0x000000000800090c                __nedf2
                0x0000000008000988                __aeabi_cdrcmple
                0x0000000008000998                __aeabi_cdcmple
                0x0000000008000998                __aeabi_cdcmpeq
                0x00000000080009a8                __aeabi_dcmpeq
                0x00000000080009bc                __aeabi_dcmplt
                0x00000000080009d0                __aeabi_dcmple
                0x00000000080009e4                __aeabi_dcmpge
                0x00000000080009f8                __aeabi_dcmpgt
 .text          0x0000000008000a0c       0x2c /opt/st/stm32cubeide_1.6.1/plugins/com.st.stm32cube.ide.mcu.externaltools.gnu-tools-for-stm32.9-2020-q2-update.linux64_1.5.0.202011040924/tools/bin/../lib/gcc/arm-none-eabi/9.3.1/thumb/v7-m/nofp/libgcc.a(_arm_unorddf2.o)
                0x0000000008000a0c                __aeabi_dcmpun
                0x0000000008000a0c                __unorddf2
 .text          0x0000000008000a38       0x50 /opt/st/stm32cubeide_1.6.1/plugins/com.st.stm32cube.ide.mcu.externaltools.gnu-tools-for-stm32.9-2020-q2-update.linux64_1.5.0.202011040924/tools/bin/../lib/gcc/arm-none-eabi/9.3.1/thumb/v7-m/nofp/libgcc.a(_arm_fixdfsi.o)
                0x0000000008000a38                __fixdfsi
                0x0000000008000a38                __aeabi_d2iz
 .text          0x0000000008000a88        0x4 /opt/st/stm32cubeide_1.6.1/plugins/com.st.stm32cube.ide.mcu.externaltools.gnu-tools-for-stm32.9-2020-q2-update.linux64_1.5.0.202011040924/tools/bin/../lib/gcc/arm-none-eabi/9.3.1/thumb/v7-m/nofp/libgcc.a(_clear_cache.o)
                0x0000000008000a88                __clear_cache
 *(.text*)
 .text.default_ip_assign
                0x0000000008000a8c       0x38 Core/Src/dhcp.o
                0x0000000008000a8c                default_ip_assign
 .text.default_ip_update
                0x0000000008000ac4       0x28 Core/Src/dhcp.o
                0x0000000008000ac4                default_ip_update
 .text.default_ip_conflict
                0x0000000008000aec       0x24 Core/Src/dhcp.o
                0x0000000008000aec                default_ip_conflict
 .text.reg_dhcp_cbfunc
                0x0000000008000b10       0x40 Core/Src/dhcp.o
                0x0000000008000b10                reg_dhcp_cbfunc
 .text.makeDHCPMSG
                0x0000000008000b50       0xa4 Core/Src/dhcp.o
                0x0000000008000b50                makeDHCPMSG
 .text.send_DHCP_DECLINE
                0x0000000008000bf4       0xd4 Core/Src/dhcp.o
                0x0000000008000bf4                send_DHCP_DECLINE
 .text.parseDHCPMSG
                0x0000000008000cc8      0x23c Core/Src/dhcp.o
                0x0000000008000cc8                parseDHCPMSG
 .text.check_DHCP_leasedIP
                0x0000000008000f04       0x64 Core/Src/dhcp.o
                0x0000000008000f04                check_DHCP_leasedIP
 .text.reset_DHCP_timeout
                0x0000000008000f68       0x20 Core/Src/dhcp.o
                0x0000000008000f68                reset_DHCP_timeout
 .text.DHCP_init
                0x0000000008000f88       0xb0 Core/Src/dhcp.o
                0x0000000008000f88                DHCP_init
 .text.getIPfromDHCP
                0x0000000008001038       0x18 Core/Src/dhcp.o
                0x0000000008001038                getIPfromDHCP
 .text.getGWfromDHCP
                0x0000000008001050       0x18 Core/Src/dhcp.o
                0x0000000008001050                getGWfromDHCP
 .text.getSNfromDHCP
                0x0000000008001068       0x18 Core/Src/dhcp.o
                0x0000000008001068                getSNfromDHCP
 .text.getDNSfromDHCP
                0x0000000008001080       0x18 Core/Src/dhcp.o
                0x0000000008001080                getDNSfromDHCP
 .text.getDHCPLeasetime
                0x0000000008001098        0xc Core/Src/dhcp.o
                0x0000000008001098                getDHCPLeasetime
 .text.NibbleToHex
                0x00000000080010a4        0xe Core/Src/dhcp.o
                0x00000000080010a4                NibbleToHex
 *fill*         0x00000000080010b2        0x2 
 .text.send_DHCP_DISCOVER
                0x00000000080010b4      0x1b4 Core/Src/dhcp.o
                0x00000000080010b4                send_DHCP_DISCOVER
 .text.send_DHCP_REQUEST
                0x0000000008001268      0x258 Core/Src/dhcp.o
                0x0000000008001268                send_DHCP_REQUEST
 .text.check_DHCP_timeout
                0x00000000080014c0       0x84 Core/Src/dhcp.o
                0x00000000080014c0                check_DHCP_timeout
 .text.DHCP_run
                0x0000000008001544      0x17c Core/Src/dhcp.o
                0x0000000008001544                DHCP_run
 .text.parse_name
                0x00000000080016c0       0xa4 Core/Src/dns.o
                0x00000000080016c0                parse_name
 .text.dns_question
                0x0000000008001764       0x1c Core/Src/dns.o
                0x0000000008001764                dns_question
 .text.dns_answer
                0x0000000008001780       0xe0 Core/Src/dns.o
                0x0000000008001780                dns_answer
 .text.parseDNSMSG
                0x0000000008001860       0xcc Core/Src/dns.o
                0x0000000008001860                parseDNSMSG
 .text.dns_makequery
                0x000000000800192c       0xa8 Core/Src/dns.o
                0x000000000800192c                dns_makequery
 .text.check_DNS_timeout
                0x00000000080019d4       0x2c Core/Src/dns.o
                0x00000000080019d4                check_DNS_timeout
 .text.DNS_init
                0x0000000008001a00       0x20 Core/Src/dns.o
                0x0000000008001a00                DNS_init
 .text.DNS_run  0x0000000008001a20       0xb0 Core/Src/dns.o
                0x0000000008001a20                DNS_run
 .text.W5500_Unselect.8408
                0x0000000008001ad0       0x10 Core/Src/main.o
 .text.W5500_Select.8405
                0x0000000008001ae0       0x10 Core/Src/main.o
 .text.UART_Printf.8399
                0x0000000008001af0       0x3c Core/Src/main.o
 .text.Callback_IPAssigned.8427
                0x0000000008001b2c       0x1c Core/Src/main.o
 .text.Callback_IPConflict.8430
                0x0000000008001b48        0xc Core/Src/main.o
 .text.W5500_WriteBuff.8416
                0x0000000008001b54       0x14 Core/Src/main.o
 .text.W5500_WriteByte.8423
                0x0000000008001b68       0x16 Core/Src/main.o
 *fill*         0x0000000008001b7e        0x2 
 .text.W5500_ReadBuff.8412
                0x0000000008001b80       0x14 Core/Src/main.o
 .text.W5500_ReadByte.8419
                0x0000000008001b94       0x16 Core/Src/main.o
 .text.SystemClock_Config
                0x0000000008001baa       0x62 Core/Src/main.o
                0x0000000008001baa                SystemClock_Config
 *fill*         0x0000000008001c0c        0x4 
 .text.startup.main
                0x0000000008001c10      0xa08 Core/Src/main.o
                0x0000000008001c10                main
 .text.Error_Handler
                0x0000000008002618        0x4 Core/Src/main.o
                0x0000000008002618                Error_Handler
 .text.close    0x000000000800261c       0x7c Core/Src/socket.o
                0x000000000800261c                close
 .text.socket   0x0000000008002698      0x124 Core/Src/socket.o
                0x0000000008002698                socket
 .text.connect  0x00000000080027bc       0xec Core/Src/socket.o
                0x00000000080027bc                connect
 .text.send     0x00000000080028a8      0x114 Core/Src/socket.o
                0x00000000080028a8                send
 .text.recv     0x00000000080029bc       0xdc Core/Src/socket.o
                0x00000000080029bc                recv
 .text.sendto   0x0000000008002a98      0x160 Core/Src/socket.o
                0x0000000008002a98                sendto
 .text.recvfrom
                0x0000000008002bf8      0x208 Core/Src/socket.o
                0x0000000008002bf8                recvfrom
 .text.HAL_MspInit
                0x0000000008002e00       0x44 Core/Src/stm32f1xx_hal_msp.o
                0x0000000008002e00                HAL_MspInit
 .text.HAL_I2C_MspInit
                0x0000000008002e44       0x78 Core/Src/stm32f1xx_hal_msp.o
                0x0000000008002e44                HAL_I2C_MspInit
 .text.HAL_SPI_MspInit
                0x0000000008002ebc       0x78 Core/Src/stm32f1xx_hal_msp.o
                0x0000000008002ebc                HAL_SPI_MspInit
 .text.HAL_TIM_Base_MspInit
                0x0000000008002f34      0x110 Core/Src/stm32f1xx_hal_msp.o
                0x0000000008002f34                HAL_TIM_Base_MspInit
 .text.HAL_TIM_MspPostInit
                0x0000000008003044       0x50 Core/Src/stm32f1xx_hal_msp.o
                0x0000000008003044                HAL_TIM_MspPostInit
 .text.HAL_UART_MspInit
                0x0000000008003094       0x84 Core/Src/stm32f1xx_hal_msp.o
                0x0000000008003094                HAL_UART_MspInit
 .text.NMI_Handler
                0x0000000008003118        0x2 Core/Src/stm32f1xx_it.o
                0x0000000008003118                NMI_Handler
 .text.HardFault_Handler
                0x000000000800311a        0x2 Core/Src/stm32f1xx_it.o
                0x000000000800311a                HardFault_Handler
 .text.MemManage_Handler
                0x000000000800311c        0x2 Core/Src/stm32f1xx_it.o
                0x000000000800311c                MemManage_Handler
 .text.BusFault_Handler
                0x000000000800311e        0x2 Core/Src/stm32f1xx_it.o
                0x000000000800311e                BusFault_Handler
 .text.UsageFault_Handler
                0x0000000008003120        0x2 Core/Src/stm32f1xx_it.o
                0x0000000008003120                UsageFault_Handler
 .text.SVC_Handler
                0x0000000008003122        0x2 Core/Src/stm32f1xx_it.o
                0x0000000008003122                SVC_Handler
 .text.DebugMon_Handler
                0x0000000008003124        0x2 Core/Src/stm32f1xx_it.o
                0x0000000008003124                DebugMon_Handler
 .text.PendSV_Handler
                0x0000000008003126        0x2 Core/Src/stm32f1xx_it.o
                0x0000000008003126                PendSV_Handler
 .text.SysTick_Handler
                0x0000000008003128        0x4 Core/Src/stm32f1xx_it.o
                0x0000000008003128                SysTick_Handler
 .text.DMA1_Channel5_IRQHandler
                0x000000000800312c       0xd4 Core/Src/stm32f1xx_it.o
                0x000000000800312c                DMA1_Channel5_IRQHandler
 .text.TIM3_IRQHandler
                0x0000000008003200       0x38 Core/Src/stm32f1xx_it.o
                0x0000000008003200                TIM3_IRQHandler
 .text.TIM4_IRQHandler
                0x0000000008003238      0x1d8 Core/Src/stm32f1xx_it.o
                0x0000000008003238                TIM4_IRQHandler
 .text._getpid  0x0000000008003410        0x4 Core/Src/syscalls.o
                0x0000000008003410                _getpid
 .text._kill    0x0000000008003414       0x10 Core/Src/syscalls.o
                0x0000000008003414                _kill
 .text._exit    0x0000000008003424        0xc Core/Src/syscalls.o
                0x0000000008003424                _exit
 .text._read    0x0000000008003430       0x1a Core/Src/syscalls.o
                0x0000000008003430                _read
 .text._write   0x000000000800344a       0x1a Core/Src/syscalls.o
                0x000000000800344a                _write
 .text._close   0x0000000008003464        0x6 Core/Src/syscalls.o
                0x0000000008003464                _close
 .text._fstat   0x000000000800346a        0xa Core/Src/syscalls.o
                0x000000000800346a                _fstat
 .text._isatty  0x0000000008003474        0x4 Core/Src/syscalls.o
                0x0000000008003474                _isatty
 .text._lseek   0x0000000008003478        0x4 Core/Src/syscalls.o
                0x0000000008003478                _lseek
 .text._sbrk    0x000000000800347c       0x40 Core/Src/sysmem.o
                0x000000000800347c                _sbrk
 .text.SystemInit
                0x00000000080034bc        0x2 Core/Src/system_stm32f1xx.o
                0x00000000080034bc                SystemInit
 *fill*         0x00000000080034be        0x2 
 .text.WIZCHIP_READ
                0x00000000080034c0       0x5c Core/Src/w5500.o
                0x00000000080034c0                WIZCHIP_READ
 .text.WIZCHIP_WRITE
                0x000000000800351c       0x64 Core/Src/w5500.o
                0x000000000800351c                WIZCHIP_WRITE
 .text.WIZCHIP_READ_BUF
                0x0000000008003580       0x74 Core/Src/w5500.o
                0x0000000008003580                WIZCHIP_READ_BUF
 .text.WIZCHIP_WRITE_BUF
                0x00000000080035f4       0x74 Core/Src/w5500.o
                0x00000000080035f4                WIZCHIP_WRITE_BUF
 .text.getSn_TX_FSR
                0x0000000008003668       0x42 Core/Src/w5500.o
                0x0000000008003668                getSn_TX_FSR
 .text.getSn_RX_RSR
                0x00000000080036aa       0x42 Core/Src/w5500.o
                0x00000000080036aa                getSn_RX_RSR
 .text.wiz_send_data
                0x00000000080036ec       0x5a Core/Src/w5500.o
                0x00000000080036ec                wiz_send_data
 .text.wiz_recv_data
                0x0000000008003746       0x5a Core/Src/w5500.o
                0x0000000008003746                wiz_recv_data
 .text.wiz_recv_ignore
                0x00000000080037a0       0x3c Core/Src/w5500.o
                0x00000000080037a0                wiz_recv_ignore
 .text.wizchip_cris_enter
                0x00000000080037dc        0x2 Core/Src/wizchip_conf.o
                0x00000000080037dc                wizchip_cris_enter
 .text.wizchip_bus_readdata
                0x00000000080037de        0x4 Core/Src/wizchip_conf.o
                0x00000000080037de                wizchip_bus_readdata
 .text.wizchip_bus_writedata
                0x00000000080037e2        0x4 Core/Src/wizchip_conf.o
                0x00000000080037e2                wizchip_bus_writedata
 .text.wizchip_spi_readbyte
                0x00000000080037e6        0x4 Core/Src/wizchip_conf.o
                0x00000000080037e6                wizchip_spi_readbyte
 .text.wizchip_spi_writebyte
                0x00000000080037ea        0x2 Core/Src/wizchip_conf.o
                0x00000000080037ea                wizchip_spi_writebyte
 .text.wizchip_spi_readburst
                0x00000000080037ec        0x2 Core/Src/wizchip_conf.o
                0x00000000080037ec                wizchip_spi_readburst
 .text.wizchip_spi_writeburst
                0x00000000080037ee        0x2 Core/Src/wizchip_conf.o
                0x00000000080037ee                wizchip_spi_writeburst
 .text.wizchip_cris_exit
                0x00000000080037f0        0x2 Core/Src/wizchip_conf.o
                0x00000000080037f0                wizchip_cris_exit
 .text.wizchip_cs_select
                0x00000000080037f2        0x2 Core/Src/wizchip_conf.o
                0x00000000080037f2                wizchip_cs_select
 .text.wizchip_cs_deselect
                0x00000000080037f4        0x2 Core/Src/wizchip_conf.o
                0x00000000080037f4                wizchip_cs_deselect
 *fill*         0x00000000080037f6        0x2 
 .text.reg_wizchip_cs_cbfunc
                0x00000000080037f8       0x24 Core/Src/wizchip_conf.o
                0x00000000080037f8                reg_wizchip_cs_cbfunc
 .text.reg_wizchip_spi_cbfunc
                0x000000000800381c       0x30 Core/Src/wizchip_conf.o
                0x000000000800381c                reg_wizchip_spi_cbfunc
 .text.reg_wizchip_spiburst_cbfunc
                0x000000000800384c       0x30 Core/Src/wizchip_conf.o
                0x000000000800384c                reg_wizchip_spiburst_cbfunc
 .text.wizchip_sw_reset
                0x000000000800387c       0x7a Core/Src/wizchip_conf.o
                0x000000000800387c                wizchip_sw_reset
 .text.wizchip_init
                0x00000000080038f6       0x7a Core/Src/wizchip_conf.o
                0x00000000080038f6                wizchip_init
 .text.wizchip_setnetinfo
                0x0000000008003970       0x5c Core/Src/wizchip_conf.o
                0x0000000008003970                wizchip_setnetinfo
 .text.Reset_Handler
                0x00000000080039cc       0x48 Core/Startup/startup_stm32f103c8tx.o
                0x00000000080039cc                Reset_Handler
 .text.Default_Handler
                0x0000000008003a14        0x2 Core/Startup/startup_stm32f103c8tx.o
                0x0000000008003a14                RTC_Alarm_IRQHandler
                0x0000000008003a14                EXTI2_IRQHandler
                0x0000000008003a14                TIM1_CC_IRQHandler
                0x0000000008003a14                PVD_IRQHandler
                0x0000000008003a14                EXTI3_IRQHandler
                0x0000000008003a14                EXTI0_IRQHandler
                0x0000000008003a14                I2C2_EV_IRQHandler
                0x0000000008003a14                ADC1_2_IRQHandler
                0x0000000008003a14                SPI1_IRQHandler
                0x0000000008003a14                TAMPER_IRQHandler
                0x0000000008003a14                DMA1_Channel4_IRQHandler
                0x0000000008003a14                USART3_IRQHandler
                0x0000000008003a14                RTC_IRQHandler
                0x0000000008003a14                DMA1_Channel7_IRQHandler
                0x0000000008003a14                CAN1_RX1_IRQHandler
                0x0000000008003a14                I2C1_EV_IRQHandler
                0x0000000008003a14                DMA1_Channel6_IRQHandler
                0x0000000008003a14                RCC_IRQHandler
                0x0000000008003a14                TIM1_TRG_COM_IRQHandler
                0x0000000008003a14                DMA1_Channel1_IRQHandler
                0x0000000008003a14                Default_Handler
                0x0000000008003a14                EXTI15_10_IRQHandler
                0x0000000008003a14                EXTI9_5_IRQHandler
                0x0000000008003a14                SPI2_IRQHandler
                0x0000000008003a14                EXTI4_IRQHandler
                0x0000000008003a14                USB_LP_CAN1_RX0_IRQHandler
                0x0000000008003a14                USB_HP_CAN1_TX_IRQHandler
                0x0000000008003a14                DMA1_Channel3_IRQHandler
                0x0000000008003a14                TIM1_UP_IRQHandler
                0x0000000008003a14                WWDG_IRQHandler
                0x0000000008003a14                TIM2_IRQHandler
                0x0000000008003a14                TIM1_BRK_IRQHandler
                0x0000000008003a14                EXTI1_IRQHandler
                0x0000000008003a14                USART2_IRQHandler
                0x0000000008003a14                I2C2_ER_IRQHandler
                0x0000000008003a14                DMA1_Channel2_IRQHandler
                0x0000000008003a14                CAN1_SCE_IRQHandler
                0x0000000008003a14                FLASH_IRQHandler
                0x0000000008003a14                USART1_IRQHandler
                0x0000000008003a14                I2C1_ER_IRQHandler
                0x0000000008003a14                USBWakeUp_IRQHandler
 *fill*         0x0000000008003a16        0x2 
 .text.HAL_InitTick
                0x0000000008003a18       0x48 Drivers/STM32F1xx_HAL_Driver/Src/stm32f1xx_hal.o
                0x0000000008003a18                HAL_InitTick
 .text.HAL_Init
                0x0000000008003a60       0x24 Drivers/STM32F1xx_HAL_Driver/Src/stm32f1xx_hal.o
                0x0000000008003a60                HAL_Init
 .text.HAL_IncTick
                0x0000000008003a84       0x18 Drivers/STM32F1xx_HAL_Driver/Src/stm32f1xx_hal.o
                0x0000000008003a84                HAL_IncTick
 .text.HAL_GetTick
                0x0000000008003a9c        0xc Drivers/STM32F1xx_HAL_Driver/Src/stm32f1xx_hal.o
                0x0000000008003a9c                HAL_GetTick
 .text.HAL_Delay
                0x0000000008003aa8       0x24 Drivers/STM32F1xx_HAL_Driver/Src/stm32f1xx_hal.o
                0x0000000008003aa8                HAL_Delay
 .text.HAL_NVIC_SetPriorityGrouping
                0x0000000008003acc       0x24 Drivers/STM32F1xx_HAL_Driver/Src/stm32f1xx_hal_cortex.o
                0x0000000008003acc                HAL_NVIC_SetPriorityGrouping
 .text.HAL_NVIC_SetPriority
                0x0000000008003af0       0x64 Drivers/STM32F1xx_HAL_Driver/Src/stm32f1xx_hal_cortex.o
                0x0000000008003af0                HAL_NVIC_SetPriority
 .text.HAL_NVIC_EnableIRQ
                0x0000000008003b54       0x1c Drivers/STM32F1xx_HAL_Driver/Src/stm32f1xx_hal_cortex.o
                0x0000000008003b54                HAL_NVIC_EnableIRQ
 .text.HAL_SYSTICK_Config
                0x0000000008003b70       0x2c Drivers/STM32F1xx_HAL_Driver/Src/stm32f1xx_hal_cortex.o
                0x0000000008003b70                HAL_SYSTICK_Config
 .text.HAL_DMA_Init
                0x0000000008003b9c       0x5c Drivers/STM32F1xx_HAL_Driver/Src/stm32f1xx_hal_dma.o
                0x0000000008003b9c                HAL_DMA_Init
 .text.HAL_DMA_Start_IT
                0x0000000008003bf8       0x78 Drivers/STM32F1xx_HAL_Driver/Src/stm32f1xx_hal_dma.o
                0x0000000008003bf8                HAL_DMA_Start_IT
 .text.HAL_DMA_Abort_IT
                0x0000000008003c70       0x8c Drivers/STM32F1xx_HAL_Driver/Src/stm32f1xx_hal_dma.o
                0x0000000008003c70                HAL_DMA_Abort_IT
 .text.HAL_DMA_IRQHandler
                0x0000000008003cfc      0x124 Drivers/STM32F1xx_HAL_Driver/Src/stm32f1xx_hal_dma.o
                0x0000000008003cfc                HAL_DMA_IRQHandler
 .text.HAL_GPIO_Init
                0x0000000008003e20      0x1b8 Drivers/STM32F1xx_HAL_Driver/Src/stm32f1xx_hal_gpio.o
                0x0000000008003e20                HAL_GPIO_Init
 .text.HAL_GPIO_WritePin
                0x0000000008003fd8        0xa Drivers/STM32F1xx_HAL_Driver/Src/stm32f1xx_hal_gpio.o
                0x0000000008003fd8                HAL_GPIO_WritePin
 *fill*         0x0000000008003fe2        0x2 
 .text.HAL_I2C_Init
                0x0000000008003fe4      0x150 Drivers/STM32F1xx_HAL_Driver/Src/stm32f1xx_hal_i2c.o
                0x0000000008003fe4                HAL_I2C_Init
 .text.HAL_RCC_OscConfig
                0x0000000008004134      0x338 Drivers/STM32F1xx_HAL_Driver/Src/stm32f1xx_hal_rcc.o
                0x0000000008004134                HAL_RCC_OscConfig
 .text.HAL_RCC_GetSysClockFreq
                0x000000000800446c       0x74 Drivers/STM32F1xx_HAL_Driver/Src/stm32f1xx_hal_rcc.o
                0x000000000800446c                HAL_RCC_GetSysClockFreq
 .text.HAL_RCC_ClockConfig
                0x00000000080044e0      0x138 Drivers/STM32F1xx_HAL_Driver/Src/stm32f1xx_hal_rcc.o
                0x00000000080044e0                HAL_RCC_ClockConfig
 .text.HAL_RCC_GetPCLK1Freq
                0x0000000008004618       0x20 Drivers/STM32F1xx_HAL_Driver/Src/stm32f1xx_hal_rcc.o
                0x0000000008004618                HAL_RCC_GetPCLK1Freq
 .text.HAL_RCC_GetPCLK2Freq
                0x0000000008004638       0x20 Drivers/STM32F1xx_HAL_Driver/Src/stm32f1xx_hal_rcc.o
                0x0000000008004638                HAL_RCC_GetPCLK2Freq
 .text.SPI_WaitFlagStateUntilTimeout.constprop.0
                0x0000000008004658       0xac Drivers/STM32F1xx_HAL_Driver/Src/stm32f1xx_hal_spi.o
 .text.SPI_EndRxTransaction
                0x0000000008004704       0x4e Drivers/STM32F1xx_HAL_Driver/Src/stm32f1xx_hal_spi.o
 .text.SPI_EndRxTxTransaction
                0x0000000008004752       0x1c Drivers/STM32F1xx_HAL_Driver/Src/stm32f1xx_hal_spi.o
 .text.HAL_SPI_Init
                0x000000000800476e       0xb0 Drivers/STM32F1xx_HAL_Driver/Src/stm32f1xx_hal_spi.o
                0x000000000800476e                HAL_SPI_Init
 .text.HAL_SPI_Transmit
                0x000000000800481e      0x15a Drivers/STM32F1xx_HAL_Driver/Src/stm32f1xx_hal_spi.o
                0x000000000800481e                HAL_SPI_Transmit
 .text.HAL_SPI_TransmitReceive
                0x0000000008004978      0x1de Drivers/STM32F1xx_HAL_Driver/Src/stm32f1xx_hal_spi.o
                0x0000000008004978                HAL_SPI_TransmitReceive
 .text.HAL_SPI_Receive
                0x0000000008004b56      0x136 Drivers/STM32F1xx_HAL_Driver/Src/stm32f1xx_hal_spi.o
                0x0000000008004b56                HAL_SPI_Receive
 .text.TIM_OC1_SetConfig
                0x0000000008004c8c       0x50 Drivers/STM32F1xx_HAL_Driver/Src/stm32f1xx_hal_tim.o
 .text.TIM_OC3_SetConfig
                0x0000000008004cdc       0x54 Drivers/STM32F1xx_HAL_Driver/Src/stm32f1xx_hal_tim.o
 .text.TIM_OC4_SetConfig
                0x0000000008004d30       0x44 Drivers/STM32F1xx_HAL_Driver/Src/stm32f1xx_hal_tim.o
 .text.HAL_TIM_Base_Start_IT
                0x0000000008004d74       0x54 Drivers/STM32F1xx_HAL_Driver/Src/stm32f1xx_hal_tim.o
                0x0000000008004d74                HAL_TIM_Base_Start_IT
 .text.HAL_TIM_OC_MspInit
                0x0000000008004dc8        0x2 Drivers/STM32F1xx_HAL_Driver/Src/stm32f1xx_hal_tim.o
                0x0000000008004dc8                HAL_TIM_OC_MspInit
 .text.HAL_TIM_IC_MspInit
                0x0000000008004dca        0x2 Drivers/STM32F1xx_HAL_Driver/Src/stm32f1xx_hal_tim.o
                0x0000000008004dca                HAL_TIM_IC_MspInit
 .text.HAL_TIM_OnePulse_MspInit
                0x0000000008004dcc        0x2 Drivers/STM32F1xx_HAL_Driver/Src/stm32f1xx_hal_tim.o
                0x0000000008004dcc                HAL_TIM_OnePulse_MspInit
 .text.HAL_TIM_PeriodElapsedCallback
                0x0000000008004dce        0x2 Drivers/STM32F1xx_HAL_Driver/Src/stm32f1xx_hal_tim.o
                0x0000000008004dce                HAL_TIM_PeriodElapsedCallback
 .text.HAL_TIM_OC_DelayElapsedCallback
                0x0000000008004dd0        0x2 Drivers/STM32F1xx_HAL_Driver/Src/stm32f1xx_hal_tim.o
                0x0000000008004dd0                HAL_TIM_OC_DelayElapsedCallback
 .text.HAL_TIM_IC_CaptureCallback
                0x0000000008004dd2        0x2 Drivers/STM32F1xx_HAL_Driver/Src/stm32f1xx_hal_tim.o
                0x0000000008004dd2                HAL_TIM_IC_CaptureCallback
 .text.TIM_DMACaptureCplt
                0x0000000008004dd4       0x7a Drivers/STM32F1xx_HAL_Driver/Src/stm32f1xx_hal_tim.o
                0x0000000008004dd4                TIM_DMACaptureCplt
 .text.HAL_TIM_IC_CaptureHalfCpltCallback
                0x0000000008004e4e        0x2 Drivers/STM32F1xx_HAL_Driver/Src/stm32f1xx_hal_tim.o
                0x0000000008004e4e                HAL_TIM_IC_CaptureHalfCpltCallback
 .text.TIM_DMACaptureHalfCplt
                0x0000000008004e50       0x38 Drivers/STM32F1xx_HAL_Driver/Src/stm32f1xx_hal_tim.o
                0x0000000008004e50                TIM_DMACaptureHalfCplt
 .text.HAL_TIM_PWM_PulseFinishedCallback
                0x0000000008004e88        0x2 Drivers/STM32F1xx_HAL_Driver/Src/stm32f1xx_hal_tim.o
                0x0000000008004e88                HAL_TIM_PWM_PulseFinishedCallback
 .text.HAL_TIM_TriggerCallback
                0x0000000008004e8a        0x2 Drivers/STM32F1xx_HAL_Driver/Src/stm32f1xx_hal_tim.o
                0x0000000008004e8a                HAL_TIM_TriggerCallback
 .text.HAL_TIM_IRQHandler
                0x0000000008004e8c      0x144 Drivers/STM32F1xx_HAL_Driver/Src/stm32f1xx_hal_tim.o
                0x0000000008004e8c                HAL_TIM_IRQHandler
 .text.HAL_TIM_ErrorCallback
                0x0000000008004fd0        0x2 Drivers/STM32F1xx_HAL_Driver/Src/stm32f1xx_hal_tim.o
                0x0000000008004fd0                HAL_TIM_ErrorCallback
 .text.TIM_DMAError
                0x0000000008004fd2       0x58 Drivers/STM32F1xx_HAL_Driver/Src/stm32f1xx_hal_tim.o
                0x0000000008004fd2                TIM_DMAError
 *fill*         0x000000000800502a        0x2 
 .text.TIM_Base_SetConfig
                0x000000000800502c       0x70 Drivers/STM32F1xx_HAL_Driver/Src/stm32f1xx_hal_tim.o
                0x000000000800502c                TIM_Base_SetConfig
 .text.HAL_TIM_Base_Init
                0x000000000800509c       0x58 Drivers/STM32F1xx_HAL_Driver/Src/stm32f1xx_hal_tim.o
                0x000000000800509c                HAL_TIM_Base_Init
 .text.HAL_TIM_OC_Init
                0x00000000080050f4       0x58 Drivers/STM32F1xx_HAL_Driver/Src/stm32f1xx_hal_tim.o
                0x00000000080050f4                HAL_TIM_OC_Init
 .text.HAL_TIM_IC_Init
                0x000000000800514c       0x58 Drivers/STM32F1xx_HAL_Driver/Src/stm32f1xx_hal_tim.o
                0x000000000800514c                HAL_TIM_IC_Init
 .text.HAL_TIM_OnePulse_Init
                0x00000000080051a4       0x5a Drivers/STM32F1xx_HAL_Driver/Src/stm32f1xx_hal_tim.o
                0x00000000080051a4                HAL_TIM_OnePulse_Init
 *fill*         0x00000000080051fe        0x2 
 .text.TIM_OC2_SetConfig
                0x0000000008005200       0x58 Drivers/STM32F1xx_HAL_Driver/Src/stm32f1xx_hal_tim.o
                0x0000000008005200                TIM_OC2_SetConfig
 .text.HAL_TIM_OC_ConfigChannel
                0x0000000008005258       0x4e Drivers/STM32F1xx_HAL_Driver/Src/stm32f1xx_hal_tim.o
                0x0000000008005258                HAL_TIM_OC_ConfigChannel
 *fill*         0x00000000080052a6        0x2 
 .text.TIM_TI1_SetConfig
                0x00000000080052a8       0x54 Drivers/STM32F1xx_HAL_Driver/Src/stm32f1xx_hal_tim.o
                0x00000000080052a8                TIM_TI1_SetConfig
 .text.HAL_TIM_IC_ConfigChannel
                0x00000000080052fc      0x108 Drivers/STM32F1xx_HAL_Driver/Src/stm32f1xx_hal_tim.o
                0x00000000080052fc                HAL_TIM_IC_ConfigChannel
 .text.TIM_ETR_SetConfig
                0x0000000008005404       0x14 Drivers/STM32F1xx_HAL_Driver/Src/stm32f1xx_hal_tim.o
                0x0000000008005404                TIM_ETR_SetConfig
 .text.HAL_TIM_ConfigClockSource
                0x0000000008005418      0x128 Drivers/STM32F1xx_HAL_Driver/Src/stm32f1xx_hal_tim.o
                0x0000000008005418                HAL_TIM_ConfigClockSource
 .text.TIM_SlaveTimer_SetConfig
                0x0000000008005540       0xa4 Drivers/STM32F1xx_HAL_Driver/Src/stm32f1xx_hal_tim.o
 .text.HAL_TIM_SlaveConfigSynchro
                0x00000000080055e4       0x4e Drivers/STM32F1xx_HAL_Driver/Src/stm32f1xx_hal_tim.o
                0x00000000080055e4                HAL_TIM_SlaveConfigSynchro
 .text.TIM_CCxChannelCmd
                0x0000000008005632       0x1c Drivers/STM32F1xx_HAL_Driver/Src/stm32f1xx_hal_tim.o
                0x0000000008005632                TIM_CCxChannelCmd
 *fill*         0x000000000800564e        0x2 
 .text.HAL_TIM_OC_Start
                0x0000000008005650       0x9c Drivers/STM32F1xx_HAL_Driver/Src/stm32f1xx_hal_tim.o
                0x0000000008005650                HAL_TIM_OC_Start
 .text.HAL_TIM_OC_Stop
                0x00000000080056ec       0x78 Drivers/STM32F1xx_HAL_Driver/Src/stm32f1xx_hal_tim.o
                0x00000000080056ec                HAL_TIM_OC_Stop
 .text.HAL_TIM_IC_Start_DMA
                0x0000000008005764      0x1a8 Drivers/STM32F1xx_HAL_Driver/Src/stm32f1xx_hal_tim.o
                0x0000000008005764                HAL_TIM_IC_Start_DMA
 .text.HAL_TIM_IC_Stop_DMA
                0x000000000800590c       0xa6 Drivers/STM32F1xx_HAL_Driver/Src/stm32f1xx_hal_tim.o
                0x000000000800590c                HAL_TIM_IC_Stop_DMA
 *fill*         0x00000000080059b2        0x2 
 .text.HAL_TIMEx_MasterConfigSynchronization
                0x00000000080059b4       0x5c Drivers/STM32F1xx_HAL_Driver/Src/stm32f1xx_hal_tim_ex.o
                0x00000000080059b4                HAL_TIMEx_MasterConfigSynchronization
 .text.HAL_TIMEx_ConfigBreakDeadTime
                0x0000000008005a10       0x4c Drivers/STM32F1xx_HAL_Driver/Src/stm32f1xx_hal_tim_ex.o
                0x0000000008005a10                HAL_TIMEx_ConfigBreakDeadTime
 .text.HAL_TIMEx_CommutCallback
                0x0000000008005a5c        0x2 Drivers/STM32F1xx_HAL_Driver/Src/stm32f1xx_hal_tim_ex.o
                0x0000000008005a5c                HAL_TIMEx_CommutCallback
 .text.HAL_TIMEx_BreakCallback
                0x0000000008005a5e        0x2 Drivers/STM32F1xx_HAL_Driver/Src/stm32f1xx_hal_tim_ex.o
                0x0000000008005a5e                HAL_TIMEx_BreakCallback
 .text.UART_SetConfig
                0x0000000008005a60       0x74 Drivers/STM32F1xx_HAL_Driver/Src/stm32f1xx_hal_uart.o
 .text.UART_WaitOnFlagUntilTimeout.constprop.0
                0x0000000008005ad4       0x50 Drivers/STM32F1xx_HAL_Driver/Src/stm32f1xx_hal_uart.o
 .text.HAL_UART_Init
                0x0000000008005b24       0x5c Drivers/STM32F1xx_HAL_Driver/Src/stm32f1xx_hal_uart.o
                0x0000000008005b24                HAL_UART_Init
 .text.HAL_UART_Transmit
                0x0000000008005b80       0xaa Drivers/STM32F1xx_HAL_Driver/Src/stm32f1xx_hal_uart.o
                0x0000000008005b80                HAL_UART_Transmit
 *fill*         0x0000000008005c2a        0x2 
 .text.acos     0x0000000008005c2c       0x5c /opt/st/stm32cubeide_1.6.1/plugins/com.st.stm32cube.ide.mcu.externaltools.gnu-tools-for-stm32.9-2020-q2-update.linux64_1.5.0.202011040924/tools/bin/../lib/gcc/arm-none-eabi/9.3.1/../../../../arm-none-eabi/lib/thumb/v7-m/nofp/libm.a(lib_a-w_acos.o)
                0x0000000008005c2c                acos
 .text.sqrt     0x0000000008005c88       0x58 /opt/st/stm32cubeide_1.6.1/plugins/com.st.stm32cube.ide.mcu.externaltools.gnu-tools-for-stm32.9-2020-q2-update.linux64_1.5.0.202011040924/tools/bin/../lib/gcc/arm-none-eabi/9.3.1/../../../../arm-none-eabi/lib/thumb/v7-m/nofp/libm.a(lib_a-w_sqrt.o)
                0x0000000008005c88                sqrt
 .text.__ieee754_acos
                0x0000000008005ce0      0x498 /opt/st/stm32cubeide_1.6.1/plugins/com.st.stm32cube.ide.mcu.externaltools.gnu-tools-for-stm32.9-2020-q2-update.linux64_1.5.0.202011040924/tools/bin/../lib/gcc/arm-none-eabi/9.3.1/../../../../arm-none-eabi/lib/thumb/v7-m/nofp/libm.a(lib_a-e_acos.o)
                0x0000000008005ce0                __ieee754_acos
 .text.__ieee754_sqrt
                0x0000000008006178      0x158 /opt/st/stm32cubeide_1.6.1/plugins/com.st.stm32cube.ide.mcu.externaltools.gnu-tools-for-stm32.9-2020-q2-update.linux64_1.5.0.202011040924/tools/bin/../lib/gcc/arm-none-eabi/9.3.1/../../../../arm-none-eabi/lib/thumb/v7-m/nofp/libm.a(lib_a-e_sqrt.o)
                0x0000000008006178                __ieee754_sqrt
 .text.fabs     0x00000000080062d0        0x6 /opt/st/stm32cubeide_1.6.1/plugins/com.st.stm32cube.ide.mcu.externaltools.gnu-tools-for-stm32.9-2020-q2-update.linux64_1.5.0.202011040924/tools/bin/../lib/gcc/arm-none-eabi/9.3.1/../../../../arm-none-eabi/lib/thumb/v7-m/nofp/libm.a(lib_a-s_fabs.o)
                0x00000000080062d0                fabs
 *fill*         0x00000000080062d6        0x2 
 .text.nan      0x00000000080062d8        0xc /opt/st/stm32cubeide_1.6.1/plugins/com.st.stm32cube.ide.mcu.externaltools.gnu-tools-for-stm32.9-2020-q2-update.linux64_1.5.0.202011040924/tools/bin/../lib/gcc/arm-none-eabi/9.3.1/../../../../arm-none-eabi/lib/thumb/v7-m/nofp/libm.a(lib_a-s_nan.o)
                0x00000000080062d8                nan
 .text.__errno  0x00000000080062e4        0xc /opt/st/stm32cubeide_1.6.1/plugins/com.st.stm32cube.ide.mcu.externaltools.gnu-tools-for-stm32.9-2020-q2-update.linux64_1.5.0.202011040924/tools/bin/../lib/gcc/arm-none-eabi/9.3.1/../../../../arm-none-eabi/lib/thumb/v7-m/nofp/libc_nano.a(lib_a-errno.o)
                0x00000000080062e4                __errno
 .text.__libc_init_array
                0x00000000080062f0       0x48 /opt/st/stm32cubeide_1.6.1/plugins/com.st.stm32cube.ide.mcu.externaltools.gnu-tools-for-stm32.9-2020-q2-update.linux64_1.5.0.202011040924/tools/bin/../lib/gcc/arm-none-eabi/9.3.1/../../../../arm-none-eabi/lib/thumb/v7-m/nofp/libc_nano.a(lib_a-init.o)
                0x00000000080062f0                __libc_init_array
 .text.memset   0x0000000008006338       0x10 /opt/st/stm32cubeide_1.6.1/plugins/com.st.stm32cube.ide.mcu.externaltools.gnu-tools-for-stm32.9-2020-q2-update.linux64_1.5.0.202011040924/tools/bin/../lib/gcc/arm-none-eabi/9.3.1/../../../../arm-none-eabi/lib/thumb/v7-m/nofp/libc_nano.a(lib_a-memset.o)
                0x0000000008006338                memset
 .text.__cvt    0x0000000008006348       0xbe /opt/st/stm32cubeide_1.6.1/plugins/com.st.stm32cube.ide.mcu.externaltools.gnu-tools-for-stm32.9-2020-q2-update.linux64_1.5.0.202011040924/tools/bin/../lib/gcc/arm-none-eabi/9.3.1/../../../../arm-none-eabi/lib/thumb/v7-m/nofp/libc_nano.a(lib_a-nano-vfprintf_float.o)
                0x0000000008006348                __cvt
 .text.__exponent
                0x0000000008006406       0x7c /opt/st/stm32cubeide_1.6.1/plugins/com.st.stm32cube.ide.mcu.externaltools.gnu-tools-for-stm32.9-2020-q2-update.linux64_1.5.0.202011040924/tools/bin/../lib/gcc/arm-none-eabi/9.3.1/../../../../arm-none-eabi/lib/thumb/v7-m/nofp/libc_nano.a(lib_a-nano-vfprintf_float.o)
                0x0000000008006406                __exponent
 *fill*         0x0000000008006482        0x2 
 .text._printf_float
                0x0000000008006484      0x458 /opt/st/stm32cubeide_1.6.1/plugins/com.st.stm32cube.ide.mcu.externaltools.gnu-tools-for-stm32.9-2020-q2-update.linux64_1.5.0.202011040924/tools/bin/../lib/gcc/arm-none-eabi/9.3.1/../../../../arm-none-eabi/lib/thumb/v7-m/nofp/libc_nano.a(lib_a-nano-vfprintf_float.o)
                0x0000000008006484                _printf_float
 .text._printf_common
                0x00000000080068dc       0xde /opt/st/stm32cubeide_1.6.1/plugins/com.st.stm32cube.ide.mcu.externaltools.gnu-tools-for-stm32.9-2020-q2-update.linux64_1.5.0.202011040924/tools/bin/../lib/gcc/arm-none-eabi/9.3.1/../../../../arm-none-eabi/lib/thumb/v7-m/nofp/libc_nano.a(lib_a-nano-vfprintf_i.o)
                0x00000000080068dc                _printf_common
 *fill*         0x00000000080069ba        0x2 
 .text._printf_i
                0x00000000080069bc      0x24c /opt/st/stm32cubeide_1.6.1/plugins/com.st.stm32cube.ide.mcu.externaltools.gnu-tools-for-stm32.9-2020-q2-update.linux64_1.5.0.202011040924/tools/bin/../lib/gcc/arm-none-eabi/9.3.1/../../../../arm-none-eabi/lib/thumb/v7-m/nofp/libc_nano.a(lib_a-nano-vfprintf_i.o)
                0x00000000080069bc                _printf_i
 .text.sprintf  0x0000000008006c08       0x40 /opt/st/stm32cubeide_1.6.1/plugins/com.st.stm32cube.ide.mcu.externaltools.gnu-tools-for-stm32.9-2020-q2-update.linux64_1.5.0.202011040924/tools/bin/../lib/gcc/arm-none-eabi/9.3.1/../../../../arm-none-eabi/lib/thumb/v7-m/nofp/libc_nano.a(lib_a-sprintf.o)
                0x0000000008006c08                sprintf
                0x0000000008006c08                siprintf
 .text.strchr   0x0000000008006c48       0x1a /opt/st/stm32cubeide_1.6.1/plugins/com.st.stm32cube.ide.mcu.externaltools.gnu-tools-for-stm32.9-2020-q2-update.linux64_1.5.0.202011040924/tools/bin/../lib/gcc/arm-none-eabi/9.3.1/../../../../arm-none-eabi/lib/thumb/v7-m/nofp/libc_nano.a(lib_a-strchr.o)
                0x0000000008006c48                strchr
 .text.strcpy   0x0000000008006c62       0x10 /opt/st/stm32cubeide_1.6.1/plugins/com.st.stm32cube.ide.mcu.externaltools.gnu-tools-for-stm32.9-2020-q2-update.linux64_1.5.0.202011040924/tools/bin/../lib/gcc/arm-none-eabi/9.3.1/../../../../arm-none-eabi/lib/thumb/v7-m/nofp/libc_nano.a(lib_a-strcpy.o)
                0x0000000008006c62                strcpy
 .text.strncpy  0x0000000008006c72       0x26 /opt/st/stm32cubeide_1.6.1/plugins/com.st.stm32cube.ide.mcu.externaltools.gnu-tools-for-stm32.9-2020-q2-update.linux64_1.5.0.202011040924/tools/bin/../lib/gcc/arm-none-eabi/9.3.1/../../../../arm-none-eabi/lib/thumb/v7-m/nofp/libc_nano.a(lib_a-strncpy.o)
                0x0000000008006c72                strncpy
 .text._vsnprintf_r
                0x0000000008006c98       0x58 /opt/st/stm32cubeide_1.6.1/plugins/com.st.stm32cube.ide.mcu.externaltools.gnu-tools-for-stm32.9-2020-q2-update.linux64_1.5.0.202011040924/tools/bin/../lib/gcc/arm-none-eabi/9.3.1/../../../../arm-none-eabi/lib/thumb/v7-m/nofp/libc_nano.a(lib_a-vsnprintf.o)
                0x0000000008006c98                _vsnprintf_r
                0x0000000008006c98                _vsniprintf_r
 .text.vsnprintf
                0x0000000008006cf0       0x1c /opt/st/stm32cubeide_1.6.1/plugins/com.st.stm32cube.ide.mcu.externaltools.gnu-tools-for-stm32.9-2020-q2-update.linux64_1.5.0.202011040924/tools/bin/../lib/gcc/arm-none-eabi/9.3.1/../../../../arm-none-eabi/lib/thumb/v7-m/nofp/libc_nano.a(lib_a-vsnprintf.o)
                0x0000000008006cf0                vsnprintf
                0x0000000008006cf0                vsniprintf
 .text.quorem   0x0000000008006d0c      0x11a /opt/st/stm32cubeide_1.6.1/plugins/com.st.stm32cube.ide.mcu.externaltools.gnu-tools-for-stm32.9-2020-q2-update.linux64_1.5.0.202011040924/tools/bin/../lib/gcc/arm-none-eabi/9.3.1/../../../../arm-none-eabi/lib/thumb/v7-m/nofp/libc_nano.a(lib_a-dtoa.o)
 *fill*         0x0000000008006e26        0x2 
 .text._dtoa_r  0x0000000008006e28      0xbdc /opt/st/stm32cubeide_1.6.1/plugins/com.st.stm32cube.ide.mcu.externaltools.gnu-tools-for-stm32.9-2020-q2-update.linux64_1.5.0.202011040924/tools/bin/../lib/gcc/arm-none-eabi/9.3.1/../../../../arm-none-eabi/lib/thumb/v7-m/nofp/libc_nano.a(lib_a-dtoa.o)
                0x0000000008006e28                _dtoa_r
 .text._localeconv_r
                0x0000000008007a04        0x8 /opt/st/stm32cubeide_1.6.1/plugins/com.st.stm32cube.ide.mcu.externaltools.gnu-tools-for-stm32.9-2020-q2-update.linux64_1.5.0.202011040924/tools/bin/../lib/gcc/arm-none-eabi/9.3.1/../../../../arm-none-eabi/lib/thumb/v7-m/nofp/libc_nano.a(lib_a-localeconv.o)
                0x0000000008007a04                _localeconv_r
 .text.malloc   0x0000000008007a0c       0x10 /opt/st/stm32cubeide_1.6.1/plugins/com.st.stm32cube.ide.mcu.externaltools.gnu-tools-for-stm32.9-2020-q2-update.linux64_1.5.0.202011040924/tools/bin/../lib/gcc/arm-none-eabi/9.3.1/../../../../arm-none-eabi/lib/thumb/v7-m/nofp/libc_nano.a(lib_a-malloc.o)
                0x0000000008007a0c                malloc
 .text.memchr   0x0000000008007a1c       0x1c /opt/st/stm32cubeide_1.6.1/plugins/com.st.stm32cube.ide.mcu.externaltools.gnu-tools-for-stm32.9-2020-q2-update.linux64_1.5.0.202011040924/tools/bin/../lib/gcc/arm-none-eabi/9.3.1/../../../../arm-none-eabi/lib/thumb/v7-m/nofp/libc_nano.a(lib_a-memchr-stub.o)
                0x0000000008007a1c                memchr
 .text.memcpy   0x0000000008007a38       0x1c /opt/st/stm32cubeide_1.6.1/plugins/com.st.stm32cube.ide.mcu.externaltools.gnu-tools-for-stm32.9-2020-q2-update.linux64_1.5.0.202011040924/tools/bin/../lib/gcc/arm-none-eabi/9.3.1/../../../../arm-none-eabi/lib/thumb/v7-m/nofp/libc_nano.a(lib_a-memcpy-stub.o)
                0x0000000008007a38                memcpy
 .text._Balloc  0x0000000008007a54       0x80 /opt/st/stm32cubeide_1.6.1/plugins/com.st.stm32cube.ide.mcu.externaltools.gnu-tools-for-stm32.9-2020-q2-update.linux64_1.5.0.202011040924/tools/bin/../lib/gcc/arm-none-eabi/9.3.1/../../../../arm-none-eabi/lib/thumb/v7-m/nofp/libc_nano.a(lib_a-mprec.o)
                0x0000000008007a54                _Balloc
 .text._Bfree   0x0000000008007ad4       0x44 /opt/st/stm32cubeide_1.6.1/plugins/com.st.stm32cube.ide.mcu.externaltools.gnu-tools-for-stm32.9-2020-q2-update.linux64_1.5.0.202011040924/tools/bin/../lib/gcc/arm-none-eabi/9.3.1/../../../../arm-none-eabi/lib/thumb/v7-m/nofp/libc_nano.a(lib_a-mprec.o)
                0x0000000008007ad4                _Bfree
 .text.__multadd
                0x0000000008007b18       0x94 /opt/st/stm32cubeide_1.6.1/plugins/com.st.stm32cube.ide.mcu.externaltools.gnu-tools-for-stm32.9-2020-q2-update.linux64_1.5.0.202011040924/tools/bin/../lib/gcc/arm-none-eabi/9.3.1/../../../../arm-none-eabi/lib/thumb/v7-m/nofp/libc_nano.a(lib_a-mprec.o)
                0x0000000008007b18                __multadd
 .text.__hi0bits
                0x0000000008007bac       0x40 /opt/st/stm32cubeide_1.6.1/plugins/com.st.stm32cube.ide.mcu.externaltools.gnu-tools-for-stm32.9-2020-q2-update.linux64_1.5.0.202011040924/tools/bin/../lib/gcc/arm-none-eabi/9.3.1/../../../../arm-none-eabi/lib/thumb/v7-m/nofp/libc_nano.a(lib_a-mprec.o)
                0x0000000008007bac                __hi0bits
 .text.__lo0bits
                0x0000000008007bec       0x5c /opt/st/stm32cubeide_1.6.1/plugins/com.st.stm32cube.ide.mcu.externaltools.gnu-tools-for-stm32.9-2020-q2-update.linux64_1.5.0.202011040924/tools/bin/../lib/gcc/arm-none-eabi/9.3.1/../../../../arm-none-eabi/lib/thumb/v7-m/nofp/libc_nano.a(lib_a-mprec.o)
                0x0000000008007bec                __lo0bits
 .text.__i2b    0x0000000008007c48       0x2c /opt/st/stm32cubeide_1.6.1/plugins/com.st.stm32cube.ide.mcu.externaltools.gnu-tools-for-stm32.9-2020-q2-update.linux64_1.5.0.202011040924/tools/bin/../lib/gcc/arm-none-eabi/9.3.1/../../../../arm-none-eabi/lib/thumb/v7-m/nofp/libc_nano.a(lib_a-mprec.o)
                0x0000000008007c48                __i2b
 .text.__multiply
                0x0000000008007c74      0x148 /opt/st/stm32cubeide_1.6.1/plugins/com.st.stm32cube.ide.mcu.externaltools.gnu-tools-for-stm32.9-2020-q2-update.linux64_1.5.0.202011040924/tools/bin/../lib/gcc/arm-none-eabi/9.3.1/../../../../arm-none-eabi/lib/thumb/v7-m/nofp/libc_nano.a(lib_a-mprec.o)
                0x0000000008007c74                __multiply
 .text.__pow5mult
                0x0000000008007dbc       0xb4 /opt/st/stm32cubeide_1.6.1/plugins/com.st.stm32cube.ide.mcu.externaltools.gnu-tools-for-stm32.9-2020-q2-update.linux64_1.5.0.202011040924/tools/bin/../lib/gcc/arm-none-eabi/9.3.1/../../../../arm-none-eabi/lib/thumb/v7-m/nofp/libc_nano.a(lib_a-mprec.o)
                0x0000000008007dbc                __pow5mult
 .text.__lshift
                0x0000000008007e70       0xd8 /opt/st/stm32cubeide_1.6.1/plugins/com.st.stm32cube.ide.mcu.externaltools.gnu-tools-for-stm32.9-2020-q2-update.linux64_1.5.0.202011040924/tools/bin/../lib/gcc/arm-none-eabi/9.3.1/../../../../arm-none-eabi/lib/thumb/v7-m/nofp/libc_nano.a(lib_a-mprec.o)
                0x0000000008007e70                __lshift
 .text.__mcmp   0x0000000008007f48       0x36 /opt/st/stm32cubeide_1.6.1/plugins/com.st.stm32cube.ide.mcu.externaltools.gnu-tools-for-stm32.9-2020-q2-update.linux64_1.5.0.202011040924/tools/bin/../lib/gcc/arm-none-eabi/9.3.1/../../../../arm-none-eabi/lib/thumb/v7-m/nofp/libc_nano.a(lib_a-mprec.o)
                0x0000000008007f48                __mcmp
 *fill*         0x0000000008007f7e        0x2 
 .text.__mdiff  0x0000000008007f80      0x120 /opt/st/stm32cubeide_1.6.1/plugins/com.st.stm32cube.ide.mcu.externaltools.gnu-tools-for-stm32.9-2020-q2-update.linux64_1.5.0.202011040924/tools/bin/../lib/gcc/arm-none-eabi/9.3.1/../../../../arm-none-eabi/lib/thumb/v7-m/nofp/libc_nano.a(lib_a-mprec.o)
                0x0000000008007f80                __mdiff
 .text.__d2b    0x00000000080080a0       0xb8 /opt/st/stm32cubeide_1.6.1/plugins/com.st.stm32cube.ide.mcu.externaltools.gnu-tools-for-stm32.9-2020-q2-update.linux64_1.5.0.202011040924/tools/bin/../lib/gcc/arm-none-eabi/9.3.1/../../../../arm-none-eabi/lib/thumb/v7-m/nofp/libc_nano.a(lib_a-mprec.o)
                0x00000000080080a0                __d2b
 .text._calloc_r
                0x0000000008008158       0x1c /opt/st/stm32cubeide_1.6.1/plugins/com.st.stm32cube.ide.mcu.externaltools.gnu-tools-for-stm32.9-2020-q2-update.linux64_1.5.0.202011040924/tools/bin/../lib/gcc/arm-none-eabi/9.3.1/../../../../arm-none-eabi/lib/thumb/v7-m/nofp/libc_nano.a(lib_a-nano-callocr.o)
                0x0000000008008158                _calloc_r
 .text._free_r  0x0000000008008174       0x98 /opt/st/stm32cubeide_1.6.1/plugins/com.st.stm32cube.ide.mcu.externaltools.gnu-tools-for-stm32.9-2020-q2-update.linux64_1.5.0.202011040924/tools/bin/../lib/gcc/arm-none-eabi/9.3.1/../../../../arm-none-eabi/lib/thumb/v7-m/nofp/libc_nano.a(lib_a-nano-freer.o)
                0x0000000008008174                _free_r
 .text._malloc_r
                0x000000000800820c       0xb4 /opt/st/stm32cubeide_1.6.1/plugins/com.st.stm32cube.ide.mcu.externaltools.gnu-tools-for-stm32.9-2020-q2-update.linux64_1.5.0.202011040924/tools/bin/../lib/gcc/arm-none-eabi/9.3.1/../../../../arm-none-eabi/lib/thumb/v7-m/nofp/libc_nano.a(lib_a-nano-mallocr.o)
                0x000000000800820c                _malloc_r
 .text.__ssputs_r
                0x00000000080082c0       0xb6 /opt/st/stm32cubeide_1.6.1/plugins/com.st.stm32cube.ide.mcu.externaltools.gnu-tools-for-stm32.9-2020-q2-update.linux64_1.5.0.202011040924/tools/bin/../lib/gcc/arm-none-eabi/9.3.1/../../../../arm-none-eabi/lib/thumb/v7-m/nofp/libc_nano.a(lib_a-nano-svfprintf.o)
                0x00000000080082c0                __ssputs_r
 *fill*         0x0000000008008376        0x2 
 .text._svfprintf_r
                0x0000000008008378      0x200 /opt/st/stm32cubeide_1.6.1/plugins/com.st.stm32cube.ide.mcu.externaltools.gnu-tools-for-stm32.9-2020-q2-update.linux64_1.5.0.202011040924/tools/bin/../lib/gcc/arm-none-eabi/9.3.1/../../../../arm-none-eabi/lib/thumb/v7-m/nofp/libc_nano.a(lib_a-nano-svfprintf.o)
                0x0000000008008378                _svfprintf_r
                0x0000000008008378                _svfiprintf_r
 .text._sbrk_r  0x0000000008008578       0x20 /opt/st/stm32cubeide_1.6.1/plugins/com.st.stm32cube.ide.mcu.externaltools.gnu-tools-for-stm32.9-2020-q2-update.linux64_1.5.0.202011040924/tools/bin/../lib/gcc/arm-none-eabi/9.3.1/../../../../arm-none-eabi/lib/thumb/v7-m/nofp/libc_nano.a(lib_a-sbrkr.o)
                0x0000000008008578                _sbrk_r
 .text.__assert_func
                0x0000000008008598       0x3c /opt/st/stm32cubeide_1.6.1/plugins/com.st.stm32cube.ide.mcu.externaltools.gnu-tools-for-stm32.9-2020-q2-update.linux64_1.5.0.202011040924/tools/bin/../lib/gcc/arm-none-eabi/9.3.1/../../../../arm-none-eabi/lib/thumb/v7-m/nofp/libc_nano.a(lib_a-assert.o)
                0x0000000008008598                __assert_func
 .text.fprintf  0x00000000080085d4       0x24 /opt/st/stm32cubeide_1.6.1/plugins/com.st.stm32cube.ide.mcu.externaltools.gnu-tools-for-stm32.9-2020-q2-update.linux64_1.5.0.202011040924/tools/bin/../lib/gcc/arm-none-eabi/9.3.1/../../../../arm-none-eabi/lib/thumb/v7-m/nofp/libc_nano.a(lib_a-fprintf.o)
                0x00000000080085d4                fprintf
                0x00000000080085d4                fiprintf
 .text.__ascii_mbtowc
                0x00000000080085f8       0x24 /opt/st/stm32cubeide_1.6.1/plugins/com.st.stm32cube.ide.mcu.externaltools.gnu-tools-for-stm32.9-2020-q2-update.linux64_1.5.0.202011040924/tools/bin/../lib/gcc/arm-none-eabi/9.3.1/../../../../arm-none-eabi/lib/thumb/v7-m/nofp/libc_nano.a(lib_a-mbtowc_r.o)
                0x00000000080085f8                __ascii_mbtowc
 .text.memmove  0x000000000800861c       0x34 /opt/st/stm32cubeide_1.6.1/plugins/com.st.stm32cube.ide.mcu.externaltools.gnu-tools-for-stm32.9-2020-q2-update.linux64_1.5.0.202011040924/tools/bin/../lib/gcc/arm-none-eabi/9.3.1/../../../../arm-none-eabi/lib/thumb/v7-m/nofp/libc_nano.a(lib_a-memmove.o)
                0x000000000800861c                memmove
 .text.__malloc_lock
                0x0000000008008650        0xc /opt/st/stm32cubeide_1.6.1/plugins/com.st.stm32cube.ide.mcu.externaltools.gnu-tools-for-stm32.9-2020-q2-update.linux64_1.5.0.202011040924/tools/bin/../lib/gcc/arm-none-eabi/9.3.1/../../../../arm-none-eabi/lib/thumb/v7-m/nofp/libc_nano.a(lib_a-mlock.o)
                0x0000000008008650                __malloc_lock
 .text.__malloc_unlock
                0x000000000800865c        0xc /opt/st/stm32cubeide_1.6.1/plugins/com.st.stm32cube.ide.mcu.externaltools.gnu-tools-for-stm32.9-2020-q2-update.linux64_1.5.0.202011040924/tools/bin/../lib/gcc/arm-none-eabi/9.3.1/../../../../arm-none-eabi/lib/thumb/v7-m/nofp/libc_nano.a(lib_a-mlock.o)
                0x000000000800865c                __malloc_unlock
 .text._realloc_r
                0x0000000008008668       0x4c /opt/st/stm32cubeide_1.6.1/plugins/com.st.stm32cube.ide.mcu.externaltools.gnu-tools-for-stm32.9-2020-q2-update.linux64_1.5.0.202011040924/tools/bin/../lib/gcc/arm-none-eabi/9.3.1/../../../../arm-none-eabi/lib/thumb/v7-m/nofp/libc_nano.a(lib_a-nano-reallocr.o)
                0x0000000008008668                _realloc_r
 .text.__sfputc_r
                0x00000000080086b4       0x2a /opt/st/stm32cubeide_1.6.1/plugins/com.st.stm32cube.ide.mcu.externaltools.gnu-tools-for-stm32.9-2020-q2-update.linux64_1.5.0.202011040924/tools/bin/../lib/gcc/arm-none-eabi/9.3.1/../../../../arm-none-eabi/lib/thumb/v7-m/nofp/libc_nano.a(lib_a-nano-vfprintf.o)
 .text.__sfputs_r
                0x00000000080086de       0x24 /opt/st/stm32cubeide_1.6.1/plugins/com.st.stm32cube.ide.mcu.externaltools.gnu-tools-for-stm32.9-2020-q2-update.linux64_1.5.0.202011040924/tools/bin/../lib/gcc/arm-none-eabi/9.3.1/../../../../arm-none-eabi/lib/thumb/v7-m/nofp/libc_nano.a(lib_a-nano-vfprintf.o)
                0x00000000080086de                __sfputs_r
 *fill*         0x0000000008008702        0x2 
 .text._vfprintf_r
                0x0000000008008704      0x260 /opt/st/stm32cubeide_1.6.1/plugins/com.st.stm32cube.ide.mcu.externaltools.gnu-tools-for-stm32.9-2020-q2-update.linux64_1.5.0.202011040924/tools/bin/../lib/gcc/arm-none-eabi/9.3.1/../../../../arm-none-eabi/lib/thumb/v7-m/nofp/libc_nano.a(lib_a-nano-vfprintf.o)
                0x0000000008008704                _vfiprintf_r
                0x0000000008008704                _vfprintf_r
 .text.__swbuf_r
                0x0000000008008964       0xa4 /opt/st/stm32cubeide_1.6.1/plugins/com.st.stm32cube.ide.mcu.externaltools.gnu-tools-for-stm32.9-2020-q2-update.linux64_1.5.0.202011040924/tools/bin/../lib/gcc/arm-none-eabi/9.3.1/../../../../arm-none-eabi/lib/thumb/v7-m/nofp/libc_nano.a(lib_a-wbuf.o)
                0x0000000008008964                __swbuf_r
 .text.__ascii_wctomb
                0x0000000008008a08       0x1a /opt/st/stm32cubeide_1.6.1/plugins/com.st.stm32cube.ide.mcu.externaltools.gnu-tools-for-stm32.9-2020-q2-update.linux64_1.5.0.202011040924/tools/bin/../lib/gcc/arm-none-eabi/9.3.1/../../../../arm-none-eabi/lib/thumb/v7-m/nofp/libc_nano.a(lib_a-wctomb_r.o)
                0x0000000008008a08                __ascii_wctomb
 *fill*         0x0000000008008a22        0x2 
 .text.__swsetup_r
                0x0000000008008a24       0xdc /opt/st/stm32cubeide_1.6.1/plugins/com.st.stm32cube.ide.mcu.externaltools.gnu-tools-for-stm32.9-2020-q2-update.linux64_1.5.0.202011040924/tools/bin/../lib/gcc/arm-none-eabi/9.3.1/../../../../arm-none-eabi/lib/thumb/v7-m/nofp/libc_nano.a(lib_a-wsetup.o)
                0x0000000008008a24                __swsetup_r
 .text.abort    0x0000000008008b00        0xe /opt/st/stm32cubeide_1.6.1/plugins/com.st.stm32cube.ide.mcu.externaltools.gnu-tools-for-stm32.9-2020-q2-update.linux64_1.5.0.202011040924/tools/bin/../lib/gcc/arm-none-eabi/9.3.1/../../../../arm-none-eabi/lib/thumb/v7-m/nofp/libc_nano.a(lib_a-abort.o)
                0x0000000008008b00                abort
 *fill*         0x0000000008008b0e        0x2 
 .text.__sflush_r
                0x0000000008008b10      0x10c /opt/st/stm32cubeide_1.6.1/plugins/com.st.stm32cube.ide.mcu.externaltools.gnu-tools-for-stm32.9-2020-q2-update.linux64_1.5.0.202011040924/tools/bin/../lib/gcc/arm-none-eabi/9.3.1/../../../../arm-none-eabi/lib/thumb/v7-m/nofp/libc_nano.a(lib_a-fflush.o)
                0x0000000008008b10                __sflush_r
 .text._fflush_r
                0x0000000008008c1c       0x78 /opt/st/stm32cubeide_1.6.1/plugins/com.st.stm32cube.ide.mcu.externaltools.gnu-tools-for-stm32.9-2020-q2-update.linux64_1.5.0.202011040924/tools/bin/../lib/gcc/arm-none-eabi/9.3.1/../../../../arm-none-eabi/lib/thumb/v7-m/nofp/libc_nano.a(lib_a-fflush.o)
                0x0000000008008c1c                _fflush_r
 .text.std      0x0000000008008c94       0x48 /opt/st/stm32cubeide_1.6.1/plugins/com.st.stm32cube.ide.mcu.externaltools.gnu-tools-for-stm32.9-2020-q2-update.linux64_1.5.0.202011040924/tools/bin/../lib/gcc/arm-none-eabi/9.3.1/../../../../arm-none-eabi/lib/thumb/v7-m/nofp/libc_nano.a(lib_a-findfp.o)
 .text._cleanup_r
                0x0000000008008cdc        0xc /opt/st/stm32cubeide_1.6.1/plugins/com.st.stm32cube.ide.mcu.externaltools.gnu-tools-for-stm32.9-2020-q2-update.linux64_1.5.0.202011040924/tools/bin/../lib/gcc/arm-none-eabi/9.3.1/../../../../arm-none-eabi/lib/thumb/v7-m/nofp/libc_nano.a(lib_a-findfp.o)
                0x0000000008008cdc                _cleanup_r
 .text.__sfmoreglue
                0x0000000008008ce8       0x2c /opt/st/stm32cubeide_1.6.1/plugins/com.st.stm32cube.ide.mcu.externaltools.gnu-tools-for-stm32.9-2020-q2-update.linux64_1.5.0.202011040924/tools/bin/../lib/gcc/arm-none-eabi/9.3.1/../../../../arm-none-eabi/lib/thumb/v7-m/nofp/libc_nano.a(lib_a-findfp.o)
                0x0000000008008ce8                __sfmoreglue
 .text.__sfp_lock_acquire
                0x0000000008008d14        0xc /opt/st/stm32cubeide_1.6.1/plugins/com.st.stm32cube.ide.mcu.externaltools.gnu-tools-for-stm32.9-2020-q2-update.linux64_1.5.0.202011040924/tools/bin/../lib/gcc/arm-none-eabi/9.3.1/../../../../arm-none-eabi/lib/thumb/v7-m/nofp/libc_nano.a(lib_a-findfp.o)
                0x0000000008008d14                __sfp_lock_acquire
 .text.__sfp_lock_release
                0x0000000008008d20        0xc /opt/st/stm32cubeide_1.6.1/plugins/com.st.stm32cube.ide.mcu.externaltools.gnu-tools-for-stm32.9-2020-q2-update.linux64_1.5.0.202011040924/tools/bin/../lib/gcc/arm-none-eabi/9.3.1/../../../../arm-none-eabi/lib/thumb/v7-m/nofp/libc_nano.a(lib_a-findfp.o)
                0x0000000008008d20                __sfp_lock_release
 .text.__sinit_lock_acquire
                0x0000000008008d2c        0xc /opt/st/stm32cubeide_1.6.1/plugins/com.st.stm32cube.ide.mcu.externaltools.gnu-tools-for-stm32.9-2020-q2-update.linux64_1.5.0.202011040924/tools/bin/../lib/gcc/arm-none-eabi/9.3.1/../../../../arm-none-eabi/lib/thumb/v7-m/nofp/libc_nano.a(lib_a-findfp.o)
                0x0000000008008d2c                __sinit_lock_acquire
 .text.__sinit_lock_release
                0x0000000008008d38        0xc /opt/st/stm32cubeide_1.6.1/plugins/com.st.stm32cube.ide.mcu.externaltools.gnu-tools-for-stm32.9-2020-q2-update.linux64_1.5.0.202011040924/tools/bin/../lib/gcc/arm-none-eabi/9.3.1/../../../../arm-none-eabi/lib/thumb/v7-m/nofp/libc_nano.a(lib_a-findfp.o)
                0x0000000008008d38                __sinit_lock_release
 .text.__sinit  0x0000000008008d44       0x70 /opt/st/stm32cubeide_1.6.1/plugins/com.st.stm32cube.ide.mcu.externaltools.gnu-tools-for-stm32.9-2020-q2-update.linux64_1.5.0.202011040924/tools/bin/../lib/gcc/arm-none-eabi/9.3.1/../../../../arm-none-eabi/lib/thumb/v7-m/nofp/libc_nano.a(lib_a-findfp.o)
                0x0000000008008d44                __sinit
 .text.__sfp    0x0000000008008db4       0x8c /opt/st/stm32cubeide_1.6.1/plugins/com.st.stm32cube.ide.mcu.externaltools.gnu-tools-for-stm32.9-2020-q2-update.linux64_1.5.0.202011040924/tools/bin/../lib/gcc/arm-none-eabi/9.3.1/../../../../arm-none-eabi/lib/thumb/v7-m/nofp/libc_nano.a(lib_a-findfp.o)
                0x0000000008008db4                __sfp
 .text._fwalk_reent
                0x0000000008008e40       0x3e /opt/st/stm32cubeide_1.6.1/plugins/com.st.stm32cube.ide.mcu.externaltools.gnu-tools-for-stm32.9-2020-q2-update.linux64_1.5.0.202011040924/tools/bin/../lib/gcc/arm-none-eabi/9.3.1/../../../../arm-none-eabi/lib/thumb/v7-m/nofp/libc_nano.a(lib_a-fwalk.o)
                0x0000000008008e40                _fwalk_reent
 .text.__retarget_lock_init_recursive
                0x0000000008008e7e        0x2 /opt/st/stm32cubeide_1.6.1/plugins/com.st.stm32cube.ide.mcu.externaltools.gnu-tools-for-stm32.9-2020-q2-update.linux64_1.5.0.202011040924/tools/bin/../lib/gcc/arm-none-eabi/9.3.1/../../../../arm-none-eabi/lib/thumb/v7-m/nofp/libc_nano.a(lib_a-lock.o)
                0x0000000008008e7e                __retarget_lock_init_recursive
 .text.__retarget_lock_acquire_recursive
                0x0000000008008e80        0x2 /opt/st/stm32cubeide_1.6.1/plugins/com.st.stm32cube.ide.mcu.externaltools.gnu-tools-for-stm32.9-2020-q2-update.linux64_1.5.0.202011040924/tools/bin/../lib/gcc/arm-none-eabi/9.3.1/../../../../arm-none-eabi/lib/thumb/v7-m/nofp/libc_nano.a(lib_a-lock.o)
                0x0000000008008e80                __retarget_lock_acquire_recursive
 .text.__retarget_lock_release_recursive
                0x0000000008008e82        0x2 /opt/st/stm32cubeide_1.6.1/plugins/com.st.stm32cube.ide.mcu.externaltools.gnu-tools-for-stm32.9-2020-q2-update.linux64_1.5.0.202011040924/tools/bin/../lib/gcc/arm-none-eabi/9.3.1/../../../../arm-none-eabi/lib/thumb/v7-m/nofp/libc_nano.a(lib_a-lock.o)
                0x0000000008008e82                __retarget_lock_release_recursive
 .text.__swhatbuf_r
                0x0000000008008e84       0x48 /opt/st/stm32cubeide_1.6.1/plugins/com.st.stm32cube.ide.mcu.externaltools.gnu-tools-for-stm32.9-2020-q2-update.linux64_1.5.0.202011040924/tools/bin/../lib/gcc/arm-none-eabi/9.3.1/../../../../arm-none-eabi/lib/thumb/v7-m/nofp/libc_nano.a(lib_a-makebuf.o)
                0x0000000008008e84                __swhatbuf_r
 .text.__smakebuf_r
                0x0000000008008ecc       0x80 /opt/st/stm32cubeide_1.6.1/plugins/com.st.stm32cube.ide.mcu.externaltools.gnu-tools-for-stm32.9-2020-q2-update.linux64_1.5.0.202011040924/tools/bin/../lib/gcc/arm-none-eabi/9.3.1/../../../../arm-none-eabi/lib/thumb/v7-m/nofp/libc_nano.a(lib_a-makebuf.o)
                0x0000000008008ecc                __smakebuf_r
 .text._malloc_usable_size_r
                0x0000000008008f4c       0x10 /opt/st/stm32cubeide_1.6.1/plugins/com.st.stm32cube.ide.mcu.externaltools.gnu-tools-for-stm32.9-2020-q2-update.linux64_1.5.0.202011040924/tools/bin/../lib/gcc/arm-none-eabi/9.3.1/../../../../arm-none-eabi/lib/thumb/v7-m/nofp/libc_nano.a(lib_a-nano-msizer.o)
                0x0000000008008f4c                _malloc_usable_size_r
 .text._raise_r
                0x0000000008008f5c       0x50 /opt/st/stm32cubeide_1.6.1/plugins/com.st.stm32cube.ide.mcu.externaltools.gnu-tools-for-stm32.9-2020-q2-update.linux64_1.5.0.202011040924/tools/bin/../lib/gcc/arm-none-eabi/9.3.1/../../../../arm-none-eabi/lib/thumb/v7-m/nofp/libc_nano.a(lib_a-signal.o)
                0x0000000008008f5c                _raise_r
 .text.raise    0x0000000008008fac       0x10 /opt/st/stm32cubeide_1.6.1/plugins/com.st.stm32cube.ide.mcu.externaltools.gnu-tools-for-stm32.9-2020-q2-update.linux64_1.5.0.202011040924/tools/bin/../lib/gcc/arm-none-eabi/9.3.1/../../../../arm-none-eabi/lib/thumb/v7-m/nofp/libc_nano.a(lib_a-signal.o)
                0x0000000008008fac                raise
 .text._kill_r  0x0000000008008fbc       0x24 /opt/st/stm32cubeide_1.6.1/plugins/com.st.stm32cube.ide.mcu.externaltools.gnu-tools-for-stm32.9-2020-q2-update.linux64_1.5.0.202011040924/tools/bin/../lib/gcc/arm-none-eabi/9.3.1/../../../../arm-none-eabi/lib/thumb/v7-m/nofp/libc_nano.a(lib_a-signalr.o)
                0x0000000008008fbc                _kill_r
 .text._getpid_r
                0x0000000008008fe0        0x4 /opt/st/stm32cubeide_1.6.1/plugins/com.st.stm32cube.ide.mcu.externaltools.gnu-tools-for-stm32.9-2020-q2-update.linux64_1.5.0.202011040924/tools/bin/../lib/gcc/arm-none-eabi/9.3.1/../../../../arm-none-eabi/lib/thumb/v7-m/nofp/libc_nano.a(lib_a-signalr.o)
                0x0000000008008fe0                _getpid_r
 .text.__sread  0x0000000008008fe4       0x22 /opt/st/stm32cubeide_1.6.1/plugins/com.st.stm32cube.ide.mcu.externaltools.gnu-tools-for-stm32.9-2020-q2-update.linux64_1.5.0.202011040924/tools/bin/../lib/gcc/arm-none-eabi/9.3.1/../../../../arm-none-eabi/lib/thumb/v7-m/nofp/libc_nano.a(lib_a-stdio.o)
                0x0000000008008fe4                __sread
 .text.__swrite
                0x0000000008009006       0x38 /opt/st/stm32cubeide_1.6.1/plugins/com.st.stm32cube.ide.mcu.externaltools.gnu-tools-for-stm32.9-2020-q2-update.linux64_1.5.0.202011040924/tools/bin/../lib/gcc/arm-none-eabi/9.3.1/../../../../arm-none-eabi/lib/thumb/v7-m/nofp/libc_nano.a(lib_a-stdio.o)
                0x0000000008009006                __swrite
 .text.__sseek  0x000000000800903e       0x24 /opt/st/stm32cubeide_1.6.1/plugins/com.st.stm32cube.ide.mcu.externaltools.gnu-tools-for-stm32.9-2020-q2-update.linux64_1.5.0.202011040924/tools/bin/../lib/gcc/arm-none-eabi/9.3.1/../../../../arm-none-eabi/lib/thumb/v7-m/nofp/libc_nano.a(lib_a-stdio.o)
                0x000000000800903e                __sseek
 .text.__sclose
                0x0000000008009062        0x8 /opt/st/stm32cubeide_1.6.1/plugins/com.st.stm32cube.ide.mcu.externaltools.gnu-tools-for-stm32.9-2020-q2-update.linux64_1.5.0.202011040924/tools/bin/../lib/gcc/arm-none-eabi/9.3.1/../../../../arm-none-eabi/lib/thumb/v7-m/nofp/libc_nano.a(lib_a-stdio.o)
                0x0000000008009062                __sclose
 *fill*         0x000000000800906a        0x2 
 .text._write_r
                0x000000000800906c       0x24 /opt/st/stm32cubeide_1.6.1/plugins/com.st.stm32cube.ide.mcu.externaltools.gnu-tools-for-stm32.9-2020-q2-update.linux64_1.5.0.202011040924/tools/bin/../lib/gcc/arm-none-eabi/9.3.1/../../../../arm-none-eabi/lib/thumb/v7-m/nofp/libc_nano.a(lib_a-writer.o)
                0x000000000800906c                _write_r
 .text._close_r
                0x0000000008009090       0x20 /opt/st/stm32cubeide_1.6.1/plugins/com.st.stm32cube.ide.mcu.externaltools.gnu-tools-for-stm32.9-2020-q2-update.linux64_1.5.0.202011040924/tools/bin/../lib/gcc/arm-none-eabi/9.3.1/../../../../arm-none-eabi/lib/thumb/v7-m/nofp/libc_nano.a(lib_a-closer.o)
                0x0000000008009090                _close_r
 .text._fstat_r
                0x00000000080090b0       0x24 /opt/st/stm32cubeide_1.6.1/plugins/com.st.stm32cube.ide.mcu.externaltools.gnu-tools-for-stm32.9-2020-q2-update.linux64_1.5.0.202011040924/tools/bin/../lib/gcc/arm-none-eabi/9.3.1/../../../../arm-none-eabi/lib/thumb/v7-m/nofp/libc_nano.a(lib_a-fstatr.o)
                0x00000000080090b0                _fstat_r
 .text._isatty_r
                0x00000000080090d4       0x20 /opt/st/stm32cubeide_1.6.1/plugins/com.st.stm32cube.ide.mcu.externaltools.gnu-tools-for-stm32.9-2020-q2-update.linux64_1.5.0.202011040924/tools/bin/../lib/gcc/arm-none-eabi/9.3.1/../../../../arm-none-eabi/lib/thumb/v7-m/nofp/libc_nano.a(lib_a-isattyr.o)
                0x00000000080090d4                _isatty_r
 .text._lseek_r
                0x00000000080090f4       0x24 /opt/st/stm32cubeide_1.6.1/plugins/com.st.stm32cube.ide.mcu.externaltools.gnu-tools-for-stm32.9-2020-q2-update.linux64_1.5.0.202011040924/tools/bin/../lib/gcc/arm-none-eabi/9.3.1/../../../../arm-none-eabi/lib/thumb/v7-m/nofp/libc_nano.a(lib_a-lseekr.o)
                0x00000000080090f4                _lseek_r
 .text._read_r  0x0000000008009118       0x24 /opt/st/stm32cubeide_1.6.1/plugins/com.st.stm32cube.ide.mcu.externaltools.gnu-tools-for-stm32.9-2020-q2-update.linux64_1.5.0.202011040924/tools/bin/../lib/gcc/arm-none-eabi/9.3.1/../../../../arm-none-eabi/lib/thumb/v7-m/nofp/libc_nano.a(lib_a-readr.o)
                0x0000000008009118                _read_r
 *(.glue_7)
 .glue_7        0x000000000800913c        0x0 linker stubs
 *(.glue_7t)
 .glue_7t       0x000000000800913c        0x0 linker stubs
 *(.eh_frame)
 .eh_frame      0x000000000800913c        0x0 /opt/st/stm32cubeide_1.6.1/plugins/com.st.stm32cube.ide.mcu.externaltools.gnu-tools-for-stm32.9-2020-q2-update.linux64_1.5.0.202011040924/tools/bin/../lib/gcc/arm-none-eabi/9.3.1/thumb/v7-m/nofp/crtbegin.o
 *(.init)
 .init          0x000000000800913c        0x4 /opt/st/stm32cubeide_1.6.1/plugins/com.st.stm32cube.ide.mcu.externaltools.gnu-tools-for-stm32.9-2020-q2-update.linux64_1.5.0.202011040924/tools/bin/../lib/gcc/arm-none-eabi/9.3.1/thumb/v7-m/nofp/crti.o
                0x000000000800913c                _init
 .init          0x0000000008009140        0x8 /opt/st/stm32cubeide_1.6.1/plugins/com.st.stm32cube.ide.mcu.externaltools.gnu-tools-for-stm32.9-2020-q2-update.linux64_1.5.0.202011040924/tools/bin/../lib/gcc/arm-none-eabi/9.3.1/thumb/v7-m/nofp/crtn.o
 *(.fini)
 .fini          0x0000000008009148        0x4 /opt/st/stm32cubeide_1.6.1/plugins/com.st.stm32cube.ide.mcu.externaltools.gnu-tools-for-stm32.9-2020-q2-update.linux64_1.5.0.202011040924/tools/bin/../lib/gcc/arm-none-eabi/9.3.1/thumb/v7-m/nofp/crti.o
                0x0000000008009148                _fini
 .fini          0x000000000800914c        0x8 /opt/st/stm32cubeide_1.6.1/plugins/com.st.stm32cube.ide.mcu.externaltools.gnu-tools-for-stm32.9-2020-q2-update.linux64_1.5.0.202011040924/tools/bin/../lib/gcc/arm-none-eabi/9.3.1/thumb/v7-m/nofp/crtn.o
                0x0000000008009154                . = ALIGN (0x4)
                0x0000000008009154                _etext = .

.vfp11_veneer   0x0000000008009154        0x0
 .vfp11_veneer  0x0000000008009154        0x0 linker stubs

.v4_bx          0x0000000008009154        0x0
 .v4_bx         0x0000000008009154        0x0 linker stubs

.iplt           0x0000000008009154        0x0
 .iplt          0x0000000008009154        0x0 /opt/st/stm32cubeide_1.6.1/plugins/com.st.stm32cube.ide.mcu.externaltools.gnu-tools-for-stm32.9-2020-q2-update.linux64_1.5.0.202011040924/tools/bin/../lib/gcc/arm-none-eabi/9.3.1/thumb/v7-m/nofp/crtbegin.o

.rodata         0x0000000008009158      0x7cc
                0x0000000008009158                . = ALIGN (0x4)
 *(.rodata)
 .rodata        0x0000000008009158       0x16 Core/Src/main.o
 *(.rodata*)
 .rodata.check_DHCP_leasedIP.str1.1
                0x000000000800916e       0x12 Core/Src/dhcp.o
 .rodata.Callback_IPAssigned.8427.str1.1
                0x0000000008009180       0x2d Core/Src/main.o
 .rodata.Callback_IPConflict.8430.str1.1
                0x00000000080091ad       0x19 Core/Src/main.o
 .rodata.main.str1.1
                0x00000000080091c6      0x354 Core/Src/main.o
 .rodata.AHBPrescTable
                0x000000000800951a       0x10 Core/Src/system_stm32f1xx.o
                0x000000000800951a                AHBPrescTable
 .rodata.APBPrescTable
                0x000000000800952a        0x8 Core/Src/system_stm32f1xx.o
                0x000000000800952a                APBPrescTable
 .rodata.HAL_RCC_GetSysClockFreq.str1.1
                0x0000000008009532       0x11 Drivers/STM32F1xx_HAL_Driver/Src/stm32f1xx_hal_rcc.o
 .rodata.acos.str1.1
                0x0000000008009543       0x11 /opt/st/stm32cubeide_1.6.1/plugins/com.st.stm32cube.ide.mcu.externaltools.gnu-tools-for-stm32.9-2020-q2-update.linux64_1.5.0.202011040924/tools/bin/../lib/gcc/arm-none-eabi/9.3.1/../../../../arm-none-eabi/lib/thumb/v7-m/nofp/libm.a(lib_a-w_acos.o)
                                          0x1 (size before relaxing)
 *fill*         0x0000000008009543        0x1 
 .rodata._global_impure_ptr
                0x0000000008009544        0x4 /opt/st/stm32cubeide_1.6.1/plugins/com.st.stm32cube.ide.mcu.externaltools.gnu-tools-for-stm32.9-2020-q2-update.linux64_1.5.0.202011040924/tools/bin/../lib/gcc/arm-none-eabi/9.3.1/../../../../arm-none-eabi/lib/thumb/v7-m/nofp/libc_nano.a(lib_a-impure.o)
                0x0000000008009544                _global_impure_ptr
 .rodata._printf_float.str1.1
                0x0000000008009548       0x12 /opt/st/stm32cubeide_1.6.1/plugins/com.st.stm32cube.ide.mcu.externaltools.gnu-tools-for-stm32.9-2020-q2-update.linux64_1.5.0.202011040924/tools/bin/../lib/gcc/arm-none-eabi/9.3.1/../../../../arm-none-eabi/lib/thumb/v7-m/nofp/libc_nano.a(lib_a-nano-vfprintf_float.o)
 .rodata._printf_i.str1.1
                0x000000000800955a       0x22 /opt/st/stm32cubeide_1.6.1/plugins/com.st.stm32cube.ide.mcu.externaltools.gnu-tools-for-stm32.9-2020-q2-update.linux64_1.5.0.202011040924/tools/bin/../lib/gcc/arm-none-eabi/9.3.1/../../../../arm-none-eabi/lib/thumb/v7-m/nofp/libc_nano.a(lib_a-nano-vfprintf_i.o)
 .rodata._dtoa_r.str1.1
                0x000000000800957c       0x94 /opt/st/stm32cubeide_1.6.1/plugins/com.st.stm32cube.ide.mcu.externaltools.gnu-tools-for-stm32.9-2020-q2-update.linux64_1.5.0.202011040924/tools/bin/../lib/gcc/arm-none-eabi/9.3.1/../../../../arm-none-eabi/lib/thumb/v7-m/nofp/libc_nano.a(lib_a-dtoa.o)
                                         0x96 (size before relaxing)
 .rodata._Balloc.str1.1
                0x0000000008009610       0x60 /opt/st/stm32cubeide_1.6.1/plugins/com.st.stm32cube.ide.mcu.externaltools.gnu-tools-for-stm32.9-2020-q2-update.linux64_1.5.0.202011040924/tools/bin/../lib/gcc/arm-none-eabi/9.3.1/../../../../arm-none-eabi/lib/thumb/v7-m/nofp/libc_nano.a(lib_a-mprec.o)
                                         0x77 (size before relaxing)
 .rodata.__multadd.str1.1
                0x0000000008009670       0x11 /opt/st/stm32cubeide_1.6.1/plugins/com.st.stm32cube.ide.mcu.externaltools.gnu-tools-for-stm32.9-2020-q2-update.linux64_1.5.0.202011040924/tools/bin/../lib/gcc/arm-none-eabi/9.3.1/../../../../arm-none-eabi/lib/thumb/v7-m/nofp/libc_nano.a(lib_a-mprec.o)
 .rodata.__mprec_bigtens
                0x0000000008009670       0x28 /opt/st/stm32cubeide_1.6.1/plugins/com.st.stm32cube.ide.mcu.externaltools.gnu-tools-for-stm32.9-2020-q2-update.linux64_1.5.0.202011040924/tools/bin/../lib/gcc/arm-none-eabi/9.3.1/../../../../arm-none-eabi/lib/thumb/v7-m/nofp/libc_nano.a(lib_a-mprec.o)
                0x0000000008009670                __mprec_bigtens
 .rodata.__mprec_tens
                0x0000000008009698       0xc8 /opt/st/stm32cubeide_1.6.1/plugins/com.st.stm32cube.ide.mcu.externaltools.gnu-tools-for-stm32.9-2020-q2-update.linux64_1.5.0.202011040924/tools/bin/../lib/gcc/arm-none-eabi/9.3.1/../../../../arm-none-eabi/lib/thumb/v7-m/nofp/libc_nano.a(lib_a-mprec.o)
                0x0000000008009698                __mprec_tens
 .rodata.p05.6150
                0x0000000008009760        0xc /opt/st/stm32cubeide_1.6.1/plugins/com.st.stm32cube.ide.mcu.externaltools.gnu-tools-for-stm32.9-2020-q2-update.linux64_1.5.0.202011040924/tools/bin/../lib/gcc/arm-none-eabi/9.3.1/../../../../arm-none-eabi/lib/thumb/v7-m/nofp/libc_nano.a(lib_a-mprec.o)
 .rodata._svfprintf_r.str1.1
                0x000000000800976c       0x11 /opt/st/stm32cubeide_1.6.1/plugins/com.st.stm32cube.ide.mcu.externaltools.gnu-tools-for-stm32.9-2020-q2-update.linux64_1.5.0.202011040924/tools/bin/../lib/gcc/arm-none-eabi/9.3.1/../../../../arm-none-eabi/lib/thumb/v7-m/nofp/libc_nano.a(lib_a-nano-svfprintf.o)
 .rodata.__assert_func.str1.1
                0x000000000800977d       0x3c /opt/st/stm32cubeide_1.6.1/plugins/com.st.stm32cube.ide.mcu.externaltools.gnu-tools-for-stm32.9-2020-q2-update.linux64_1.5.0.202011040924/tools/bin/../lib/gcc/arm-none-eabi/9.3.1/../../../../arm-none-eabi/lib/thumb/v7-m/nofp/libc_nano.a(lib_a-assert.o)
                                         0x3d (size before relaxing)
 .rodata._setlocale_r.str1.1
                0x00000000080097b9        0x8 /opt/st/stm32cubeide_1.6.1/plugins/com.st.stm32cube.ide.mcu.externaltools.gnu-tools-for-stm32.9-2020-q2-update.linux64_1.5.0.202011040924/tools/bin/../lib/gcc/arm-none-eabi/9.3.1/../../../../arm-none-eabi/lib/thumb/v7-m/nofp/libc_nano.a(lib_a-locale.o)
                                          0x9 (size before relaxing)
 .rodata.str1.1
                0x00000000080097c1        0x2 /opt/st/stm32cubeide_1.6.1/plugins/com.st.stm32cube.ide.mcu.externaltools.gnu-tools-for-stm32.9-2020-q2-update.linux64_1.5.0.202011040924/tools/bin/../lib/gcc/arm-none-eabi/9.3.1/../../../../arm-none-eabi/lib/thumb/v7-m/nofp/libc_nano.a(lib_a-locale.o)
 .rodata._vfprintf_r.str1.1
                0x00000000080097c3       0x11 /opt/st/stm32cubeide_1.6.1/plugins/com.st.stm32cube.ide.mcu.externaltools.gnu-tools-for-stm32.9-2020-q2-update.linux64_1.5.0.202011040924/tools/bin/../lib/gcc/arm-none-eabi/9.3.1/../../../../arm-none-eabi/lib/thumb/v7-m/nofp/libc_nano.a(lib_a-nano-vfprintf.o)
 .rodata._ctype_
                0x00000000080097c3      0x101 /opt/st/stm32cubeide_1.6.1/plugins/com.st.stm32cube.ide.mcu.externaltools.gnu-tools-for-stm32.9-2020-q2-update.linux64_1.5.0.202011040924/tools/bin/../lib/gcc/arm-none-eabi/9.3.1/../../../../arm-none-eabi/lib/thumb/v7-m/nofp/libc_nano.a(lib_a-ctype_.o)
                0x00000000080097c3                _ctype_
 .rodata.__sf_fake_stderr
                0x00000000080098c4       0x20 /opt/st/stm32cubeide_1.6.1/plugins/com.st.stm32cube.ide.mcu.externaltools.gnu-tools-for-stm32.9-2020-q2-update.linux64_1.5.0.202011040924/tools/bin/../lib/gcc/arm-none-eabi/9.3.1/../../../../arm-none-eabi/lib/thumb/v7-m/nofp/libc_nano.a(lib_a-findfp.o)
                0x00000000080098c4                __sf_fake_stderr
 .rodata.__sf_fake_stdin
                0x00000000080098e4       0x20 /opt/st/stm32cubeide_1.6.1/plugins/com.st.stm32cube.ide.mcu.externaltools.gnu-tools-for-stm32.9-2020-q2-update.linux64_1.5.0.202011040924/tools/bin/../lib/gcc/arm-none-eabi/9.3.1/../../../../arm-none-eabi/lib/thumb/v7-m/nofp/libc_nano.a(lib_a-findfp.o)
                0x00000000080098e4                __sf_fake_stdin
 .rodata.__sf_fake_stdout
                0x0000000008009904       0x20 /opt/st/stm32cubeide_1.6.1/plugins/com.st.stm32cube.ide.mcu.externaltools.gnu-tools-for-stm32.9-2020-q2-update.linux64_1.5.0.202011040924/tools/bin/../lib/gcc/arm-none-eabi/9.3.1/../../../../arm-none-eabi/lib/thumb/v7-m/nofp/libc_nano.a(lib_a-findfp.o)
                0x0000000008009904                __sf_fake_stdout
                0x0000000008009924                . = ALIGN (0x4)

.rel.dyn        0x0000000008009924        0x0
 .rel.iplt      0x0000000008009924        0x0 /opt/st/stm32cubeide_1.6.1/plugins/com.st.stm32cube.ide.mcu.externaltools.gnu-tools-for-stm32.9-2020-q2-update.linux64_1.5.0.202011040924/tools/bin/../lib/gcc/arm-none-eabi/9.3.1/thumb/v7-m/nofp/crtbegin.o

.ARM.extab      0x0000000008009924        0x0
                0x0000000008009924                . = ALIGN (0x4)
 *(.ARM.extab* .gnu.linkonce.armextab.*)
                0x0000000008009924                . = ALIGN (0x4)

.ARM            0x0000000008009924        0x0
                0x0000000008009924                . = ALIGN (0x4)
                0x0000000008009924                __exidx_start = .
 *(.ARM.exidx*)
                0x0000000008009924                __exidx_end = .
                0x0000000008009924                . = ALIGN (0x4)

.preinit_array  0x0000000008009924        0x0
                0x0000000008009924                . = ALIGN (0x4)
                0x0000000008009924                PROVIDE (__preinit_array_start = .)
 *(.preinit_array*)
                0x0000000008009924                PROVIDE (__preinit_array_end = .)
                0x0000000008009924                . = ALIGN (0x4)

.init_array     0x0000000008009924        0x4
                0x0000000008009924                . = ALIGN (0x4)
                0x0000000008009924                PROVIDE (__init_array_start = .)
 *(SORT_BY_NAME(.init_array.*))
 *(.init_array*)
 .init_array    0x0000000008009924        0x4 /opt/st/stm32cubeide_1.6.1/plugins/com.st.stm32cube.ide.mcu.externaltools.gnu-tools-for-stm32.9-2020-q2-update.linux64_1.5.0.202011040924/tools/bin/../lib/gcc/arm-none-eabi/9.3.1/thumb/v7-m/nofp/crtbegin.o
                0x0000000008009928                PROVIDE (__init_array_end = .)
                0x0000000008009928                . = ALIGN (0x4)

.fini_array     0x0000000008009928        0x4
                0x0000000008009928                . = ALIGN (0x4)
                [!provide]                        PROVIDE (__fini_array_start = .)
 *(SORT_BY_NAME(.fini_array.*))
 *(.fini_array*)
 .fini_array    0x0000000008009928        0x4 /opt/st/stm32cubeide_1.6.1/plugins/com.st.stm32cube.ide.mcu.externaltools.gnu-tools-for-stm32.9-2020-q2-update.linux64_1.5.0.202011040924/tools/bin/../lib/gcc/arm-none-eabi/9.3.1/thumb/v7-m/nofp/crtbegin.o
                [!provide]                        PROVIDE (__fini_array_end = .)
                0x000000000800992c                . = ALIGN (0x4)
                0x000000000800992c                _sidata = LOADADDR (.data)

.data           0x0000000020000000      0x22c load address 0x000000000800992c
                0x0000000020000000                . = ALIGN (0x4)
                0x0000000020000000                _sdata = .
 *(.data)
 *(.data*)
 .data.HOST_NAME
                0x0000000020000000        0x8 Core/Src/dhcp.o
                0x0000000020000000                HOST_NAME
 .data.dhcp_ip_assign
                0x0000000020000008        0x4 Core/Src/dhcp.o
                0x0000000020000008                dhcp_ip_assign
 .data.dhcp_ip_conflict
                0x000000002000000c        0x4 Core/Src/dhcp.o
                0x000000002000000c                dhcp_ip_conflict
 .data.dhcp_ip_update
                0x0000000020000010        0x4 Core/Src/dhcp.o
                0x0000000020000010                dhcp_ip_update
 .data.dhcp_lease_time
                0x0000000020000014        0x4 Core/Src/dhcp.o
                0x0000000020000014                dhcp_lease_time
 .data.dhcp_tick_next
                0x0000000020000018        0x4 Core/Src/dhcp.o
                0x0000000020000018                dhcp_tick_next
 .data.sock_any_port
                0x000000002000001c        0x2 Core/Src/socket.o
 *fill*         0x000000002000001e        0x2 
 .data.SystemCoreClock
                0x0000000020000020        0x4 Core/Src/system_stm32f1xx.o
                0x0000000020000020                SystemCoreClock
 .data.WIZCHIP  0x0000000020000024       0x2c Core/Src/wizchip_conf.o
                0x0000000020000024                WIZCHIP
 .data.uwTickFreq
                0x0000000020000050        0x1 Drivers/STM32F1xx_HAL_Driver/Src/stm32f1xx_hal.o
                0x0000000020000050                uwTickFreq
 *fill*         0x0000000020000051        0x3 
 .data.uwTickPrio
                0x0000000020000054        0x4 Drivers/STM32F1xx_HAL_Driver/Src/stm32f1xx_hal.o
                0x0000000020000054                uwTickPrio
 .data.__fdlib_version
                0x0000000020000058        0x1 /opt/st/stm32cubeide_1.6.1/plugins/com.st.stm32cube.ide.mcu.externaltools.gnu-tools-for-stm32.9-2020-q2-update.linux64_1.5.0.202011040924/tools/bin/../lib/gcc/arm-none-eabi/9.3.1/../../../../arm-none-eabi/lib/thumb/v7-m/nofp/libm.a(lib_a-s_lib_ver.o)
                0x0000000020000058                __fdlib_version
 *fill*         0x0000000020000059        0x3 
 .data._impure_ptr
                0x000000002000005c        0x4 /opt/st/stm32cubeide_1.6.1/plugins/com.st.stm32cube.ide.mcu.externaltools.gnu-tools-for-stm32.9-2020-q2-update.linux64_1.5.0.202011040924/tools/bin/../lib/gcc/arm-none-eabi/9.3.1/../../../../arm-none-eabi/lib/thumb/v7-m/nofp/libc_nano.a(lib_a-impure.o)
                0x000000002000005c                _impure_ptr
 .data.impure_data
                0x0000000020000060       0x60 /opt/st/stm32cubeide_1.6.1/plugins/com.st.stm32cube.ide.mcu.externaltools.gnu-tools-for-stm32.9-2020-q2-update.linux64_1.5.0.202011040924/tools/bin/../lib/gcc/arm-none-eabi/9.3.1/../../../../arm-none-eabi/lib/thumb/v7-m/nofp/libc_nano.a(lib_a-impure.o)
 .data.__global_locale
                0x00000000200000c0      0x16c /opt/st/stm32cubeide_1.6.1/plugins/com.st.stm32cube.ide.mcu.externaltools.gnu-tools-for-stm32.9-2020-q2-update.linux64_1.5.0.202011040924/tools/bin/../lib/gcc/arm-none-eabi/9.3.1/../../../../arm-none-eabi/lib/thumb/v7-m/nofp/libc_nano.a(lib_a-locale.o)
                0x00000000200000c0                __global_locale
 *(.RamFunc)
 *(.RamFunc*)
                0x000000002000022c                . = ALIGN (0x4)
                0x000000002000022c                _edata = .

.igot.plt       0x000000002000022c        0x0 load address 0x0000000008009b58
 .igot.plt      0x000000002000022c        0x0 /opt/st/stm32cubeide_1.6.1/plugins/com.st.stm32cube.ide.mcu.externaltools.gnu-tools-for-stm32.9-2020-q2-update.linux64_1.5.0.202011040924/tools/bin/../lib/gcc/arm-none-eabi/9.3.1/thumb/v7-m/nofp/crtbegin.o
                0x000000002000022c                . = ALIGN (0x4)

.bss            0x0000000020000230      0x3d4 load address 0x0000000008009b58
                0x0000000020000230                _sbss = .
                0x0000000020000230                __bss_start__ = _sbss
 *(.bss)
 .bss           0x0000000020000230       0x1c /opt/st/stm32cubeide_1.6.1/plugins/com.st.stm32cube.ide.mcu.externaltools.gnu-tools-for-stm32.9-2020-q2-update.linux64_1.5.0.202011040924/tools/bin/../lib/gcc/arm-none-eabi/9.3.1/thumb/v7-m/nofp/crtbegin.o
 *(.bss*)
 .bss.DHCP_allocated_dns
                0x000000002000024c        0x4 Core/Src/dhcp.o
                0x000000002000024c                DHCP_allocated_dns
 .bss.DHCP_allocated_gw
                0x0000000020000250        0x4 Core/Src/dhcp.o
                0x0000000020000250                DHCP_allocated_gw