dhcp.c:261:6:default_ip_assign	8	static
dhcp.c:269:6:default_ip_update	8	static
dhcp.c:279:6:default_ip_conflict	8	static
dhcp.c:288:6:reg_dhcp_cbfunc	16	static
dhcp.c:299:6:makeDHCPMSG	16	static
dhcp.c:534:6:send_DHCP_DECLINE	24	static
dhcp.c:594:8:parseDHCPMSG	80	static
dhcp.c:863:9:DHCP_stop	8	static
dhcp.c:922:8:check_DHCP_leasedIP	24	static
dhcp.c:992:6:reset_DHCP_timeout	0	static
dhcp.c:957:6:DHCP_init	24	static
dhcp.c:999:6:DHCP_time_handler	0	static
dhcp.c:1004:6:getIPfromDHCP	0	static
dhcp.c:1012:6:getGWfromDHCP	0	static
dhcp.c:1020:6:getZABBIXfromDHCP	0	static
dhcp.c:1028:6:getHostNamefromDHCP	0	static
dhcp.c:1041:6:getSNfromDHCP	0	static
dhcp.c:1049:6:getDNSfromDHCP	0	static
dhcp.c:1057:10:getDHCPLeasetime	0	static
dhcp.c:1062:6:NibbleToHex	0	static
dhcp.c:358:6:send_DHCP_DISCOVER	48	static
dhcp.c:433:6:send_DHCP_REQUEST	48	static
dhcp.c:869:9:check_DHCP_timeout	16	static
dhcp.c:733:9:DHCP_run	16	static
