stm32f1xx_hal_msp.c:66:6:HAL_MspInit	8	static
stm32f1xx_hal_msp.c:92:6:HAL_ADC_MspInit	32	static
stm32f1xx_hal_msp.c:127:6:HAL_ADC_MspDeInit	8	static
stm32f1xx_hal_msp.c:157:6:HAL_I2C_MspInit	32	static
stm32f1xx_hal_msp.c:193:6:HAL_I2C_MspDeInit	8	static
stm32f1xx_hal_msp.c:224:6:HAL_SPI_MspInit	32	static
stm32f1xx_hal_msp.c:264:6:HAL_SPI_MspDeInit	0	static
stm32f1xx_hal_msp.c:294:6:HAL_TIM_Base_MspInit	24	static
stm32f1xx_hal_msp.c:352:6:HAL_TIM_MspPostInit	32	static
stm32f1xx_hal_msp.c:385:6:HAL_TIM_Base_MspDeInit	0	static
stm32f1xx_hal_msp.c:449:6:HAL_UART_MspInit	32	static
stm32f1xx_hal_msp.c:490:6:HAL_UART_MspDeInit	0	static
