stm32f1xx_it.c:73:6:NMI_Handler	8	static
stm32f1xx_it.c:89:6:HardFault_Handler	0	static
stm32f1xx_it.c:104:6:MemManage_Handler	0	static
stm32f1xx_it.c:119:6:BusFault_Handler	0	static
stm32f1xx_it.c:134:6:UsageFault_Handler	0	static
stm32f1xx_it.c:149:6:SVC_Handler	0	static
stm32f1xx_it.c:162:6:DebugMon_Handler	0	static
stm32f1xx_it.c:175:6:PendSV_Handler	0	static
stm32f1xx_it.c:188:6:SysTick_Handler	8	static
stm32f1xx_it.c:215:6:ADC1_2_IRQHandler	8	static
stm32f1xx_it.c:231:6:TIM2_IRQHandler	0	static
stm32f1xx_it.c:245:6:TIM3_IRQHandler	8	static
stm32f1xx_it.c:261:6:TIM4_IRQHandler	128	static
