main.c:95:7:rwFlash	96	static
main.c:90:5:main	1288	static
main.c:232:6:UART_Printf	16	static
main.c:244:6:W5500_Select	16	static
main.c:248:6:W5500_Unselect	16	static
main.c:252:6:W5500_ReadBuff	24	static
main.c:256:6:W5500_WriteBuff	24	static
main.c:261:9:W5500_ReadByte	24	static
main.c:267:6:W5500_WriteByte	16	static
main.c:273:6:Callback_IPAssigned	24	static
main.c:278:6:Callback_IPConflict	16	static
main.c:301:9:sendToZabbix	312	static
main.c:380:6:init_w5500	136	static
main.c:690:6:SystemClock_Config	72	static
main.c:729:13:MX_I2C1_Init	8	static
main.c:763:13:MX_SPI2_Init	8	static
main.c:801:13:MX_TIM1_Init	96	static
main.c:893:13:MX_TIM2_Init	72	static
main.c:958:13:MX_TIM3_Init	80	static
main.c:1027:13:MX_TIM4_Init	32	static
main.c:1072:13:MX_USART1_UART_Init	8	static
main.c:1103:13:MX_DMA_Init	16	static
main.c:1121:13:MX_GPIO_Init	40	static
main.c:1168:6:Error_Handler	4	static,ignoring_inline_asm
