main.c:90:6:rwFlash	112	static
main.c:181:6:W5500_Select	8	static
main.c:185:6:W5500_Unselect	8	static
main.c:189:6:W5500_ReadBuff	16	static
main.c:193:6:W5500_WriteBuff	16	static
main.c:197:9:W5500_ReadByte	16	static
main.c:203:6:W5500_WriteByte	16	static
main.c:209:6:Callback_IPAssigned	4	static
main.c:216:6:Callback_IPConflict	4	static
main.c:243:9:sendToZabbix	296	static
main.c:346:6:init_w5500	24	static
main.c:426:5:main	168	static
main.c:781:6:SystemClock_Config	72	static
main.c:820:13:MX_I2C1_Init	8	static
main.c:854:13:MX_IWDG_Init	8	static
main.c:882:13:MX_SPI2_Init	8	static
main.c:920:13:MX_TIM1_Init	96	static
main.c:1012:13:MX_TIM2_Init	72	static
main.c:1083:13:MX_TIM3_Init	80	static
main.c:1152:13:MX_TIM4_Init	32	static
main.c:1197:13:MX_USART1_UART_Init	8	static
main.c:1228:13:MX_DMA_Init	16	static
main.c:1241:13:MX_GPIO_Init	40	static
main.c:1285:6:HAL_TIM_IC_CaptureCallback	24	static
main.c:1351:6:Error_Handler	4	static,ignoring_inline_asm
