../Core/Src/main.c:97:6:AD5245level	40	static
../Core/Src/main.c:134:6:W5500_Select	8	static
../Core/Src/main.c:138:6:W5500_Unselect	8	static
../Core/Src/main.c:142:6:W5500_ReadBuff	16	static
../Core/Src/main.c:146:6:W5500_WriteBuff	16	static
../Core/Src/main.c:150:9:W5500_ReadByte	16	static
../Core/Src/main.c:156:6:W5500_WriteByte	16	static
../Core/Src/main.c:162:6:Callback_IPAssigned	4	static
../Core/Src/main.c:169:6:Callback_IPConflict	4	static
../Core/Src/main.c:196:9:sendToZabbix	296	static
../Core/Src/main.c:291:6:init_w5500	24	static
../Core/Src/main.c:368:5:main	112	static
../Core/Src/main.c:507:6:SystemClock_Config	88	static
../Core/Src/main.c:557:13:MX_ADC1_Init	56	static
../Core/Src/main.c:625:13:MX_I2C1_Init	8	static
../Core/Src/main.c:673:13:MX_IWDG_Init	8	static
../Core/Src/main.c:702:13:MX_SPI1_Init	8	static
../Core/Src/main.c:742:13:MX_TIM1_Init	120	static
../Core/Src/main.c:840:13:MX_TIM3_Init	88	static
../Core/Src/main.c:909:13:MX_TIM4_Init	40	static
../Core/Src/main.c:954:13:MX_USART1_UART_Init	8	static
../Core/Src/main.c:1000:13:MX_DMA_Init	16	static
../Core/Src/main.c:1019:13:MX_GPIO_Init	48	static
../Core/Src/main.c:1085:6:Error_Handler	4	static,ignoring_inline_asm
