../Core/Src/main.c:81:6:AD5245level	40	static
../Core/Src/main.c:103:5:main	16	static
../Core/Src/main.c:210:6:SystemClock_Config	88	static
../Core/Src/main.c:256:13:MX_ADC1_Init	56	static
../Core/Src/main.c:324:13:MX_I2C1_Init	8	static
../Core/Src/main.c:372:13:MX_TIM1_Init	120	static
../Core/Src/main.c:470:13:MX_TIM2_Init	72	static
../Core/Src/main.c:535:13:MX_TIM3_Init	88	static
../Core/Src/main.c:604:13:MX_TIM4_Init	40	static
../Core/Src/main.c:649:13:MX_USART1_UART_Init	8	static
../Core/Src/main.c:695:13:MX_DMA_Init	16	static
../Core/Src/main.c:714:13:MX_GPIO_Init	48	static
../Core/Src/main.c:758:6:Error_Handler	4	static,ignoring_inline_asm
