stm32f3xx_hal_msp.c:67:6:HAL_MspInit	8	static
stm32f3xx_hal_msp.c:89:6:HAL_ADC_MspInit	48	static
stm32f3xx_hal_msp.c:139:6:HAL_ADC_MspDeInit	8	static
stm32f3xx_hal_msp.c:169:6:HAL_I2C_MspInit	40	static
stm32f3xx_hal_msp.c:205:6:HAL_I2C_MspDeInit	8	static
stm32f3xx_hal_msp.c:236:6:HAL_SPI_MspInit	40	static
stm32f3xx_hal_msp.c:274:6:HAL_SPI_MspDeInit	0	static
stm32f3xx_hal_msp.c:305:6:HAL_TIM_OC_MspInit	16	static
stm32f3xx_hal_msp.c:330:6:HAL_TIM_Base_MspInit	16	static
stm32f3xx_hal_msp.c:363:6:HAL_TIM_MspPostInit	40	static
stm32f3xx_hal_msp.c:405:6:HAL_TIM_OC_MspDeInit	0	static
stm32f3xx_hal_msp.c:430:6:HAL_TIM_Base_MspDeInit	0	static
stm32f3xx_hal_msp.c:469:6:HAL_UART_MspInit	48	static
stm32f3xx_hal_msp.c:529:6:HAL_UART_MspDeInit	0	static
