main.c:208:6:Callback_IPAssigned	0	static
main.c:215:6:Callback_IPConflict	0	static
main.c:180:6:W5500_Select	0	static
main.c:184:6:W5500_Unselect	0	static
main.c:188:6:W5500_ReadBuff	0	static
main.c:196:9:W5500_ReadByte	16	static
main.c:192:6:W5500_WriteBuff	0	static
main.c:202:6:W5500_WriteByte	16	static
main.c:820:13:MX_I2C1_Init	8	static,ignoring_inline_asm
main.c:88:6:rwFlash	72	static
main.c:242:9:sendToZabbix	280	static
main.c:337:6:init_w5500	24	static
main.c:780:6:SystemClock_Config	72	static,ignoring_inline_asm
main.c:417:5:main	240	static,ignoring_inline_asm
main.c:1274:6:HAL_TIM_IC_CaptureCallback	16	static
main.c:1343:6:Error_Handler	0	static,ignoring_inline_asm
