stm32f1xx_it.c:72:6:NMI_Handler	0	static
stm32f1xx_it.c:87:6:HardFault_Handler	0	static
stm32f1xx_it.c:102:6:MemManage_Handler	0	static
stm32f1xx_it.c:117:6:BusFault_Handler	0	static
stm32f1xx_it.c:132:6:UsageFault_Handler	0	static
stm32f1xx_it.c:147:6:SVC_Handler	0	static
stm32f1xx_it.c:160:6:DebugMon_Handler	0	static
stm32f1xx_it.c:173:6:PendSV_Handler	0	static
stm32f1xx_it.c:186:6:SysTick_Handler	8	static
stm32f1xx_it.c:213:6:DMA1_Channel5_IRQHandler	8	static
stm32f1xx_it.c:269:6:TIM3_IRQHandler	0	static
stm32f1xx_it.c:290:6:TIM4_IRQHandler	8	static
