main.c:215:6:Callback_IPAssigned	0	static
main.c:222:6:Callback_IPConflict	0	static
main.c:187:6:W5500_Select	0	static
main.c:191:6:W5500_Unselect	0	static
main.c:195:6:W5500_ReadBuff	0	static
main.c:203:9:W5500_ReadByte	16	static
main.c:199:6:W5500_WriteBuff	0	static
main.c:209:6:W5500_WriteByte	16	static
main.c:839:13:MX_I2C1_Init	8	static,ignoring_inline_asm
main.c:84:6:rwFlash	56	static
main.c:249:9:sendToZabbix	280	static
main.c:344:6:init_w5500	32	static,ignoring_inline_asm
main.c:796:6:SystemClock_Config	72	static,ignoring_inline_asm
main.c:424:5:main	264	static,ignoring_inline_asm
main.c:1286:6:HAL_TIM_IC_CaptureCallback	16	static
main.c:1335:6:Error_Handler	0	static,ignoring_inline_asm
