main.c:208:6:Callback_IPAssigned	0	static
main.c:215:6:Callback_IPConflict	0	static
main.c:180:6:W5500_Select	0	static
main.c:184:6:W5500_Unselect	0	static
main.c:188:6:W5500_ReadBuff	0	static
main.c:196:9:W5500_ReadByte	16	static
main.c:192:6:W5500_WriteBuff	0	static
main.c:202:6:W5500_WriteByte	16	static
main.c:84:6:rwFlash	56	static
main.c:242:9:sendToZabbix	280	static
main.c:337:6:init_w5500	32	static,ignoring_inline_asm
main.c:772:6:SystemClock_Config	72	static,ignoring_inline_asm
main.c:417:5:main	232	static,ignoring_inline_asm
main.c:1262:6:HAL_TIM_IC_CaptureCallback	8	static
main.c:1311:6:Error_Handler	0	static,ignoring_inline_asm
