dhcp.c:261:6:default_ip_assign	8	static
dhcp.c:269:6:default_ip_update	8	static
dhcp.c:279:6:default_ip_conflict	8	static
dhcp.c:288:6:reg_dhcp_cbfunc	24	static
dhcp.c:299:6:makeDHCPMSG	24	static
dhcp.c:358:6:send_DHCP_DISCOVER	32	static
dhcp.c:433:6:send_DHCP_REQUEST	40	static
dhcp.c:534:6:send_DHCP_DECLINE	32	static
dhcp.c:594:8:parseDHCPMSG	56	static
dhcp.c:733:9:DHCP_run	16	static
dhcp.c:863:9:DHCP_stop	8	static
dhcp.c:869:9:check_DHCP_timeout	16	static
dhcp.c:922:8:check_DHCP_leasedIP	24	static
dhcp.c:957:6:DHCP_init	24	static
dhcp.c:992:6:reset_DHCP_timeout	4	static
dhcp.c:999:6:DHCP_time_handler	4	static
dhcp.c:1004:6:getIPfromDHCP	16	static
dhcp.c:1012:6:getGWfromDHCP	16	static
dhcp.c:1020:6:getZABBIXfromDHCP	16	static
dhcp.c:1028:6:getHostNamefromDHCP	24	static
dhcp.c:1041:6:getSNfromDHCP	16	static
dhcp.c:1049:6:getDNSfromDHCP	16	static
dhcp.c:1057:10:getDHCPLeasetime	4	static
dhcp.c:1062:6:NibbleToHex	16	static
