core_cm3.h:1762:34:__NVIC_SystemReset	4	static,ignoring_inline_asm
main.c:84:6:rwFlash	80	static
main.c:178:6:W5500_Select	8	static
main.c:182:6:W5500_Unselect	8	static
main.c:186:6:W5500_ReadBuff	16	static
main.c:190:6:W5500_WriteBuff	16	static
main.c:194:9:W5500_ReadByte	16	static
main.c:200:6:W5500_WriteByte	16	static
main.c:206:6:Callback_IPAssigned	4	static
main.c:213:6:Callback_IPConflict	4	static
main.c:240:9:sendToZabbix	296	static
main.c:335:6:init_w5500	24	static
main.c:415:5:main	168	static
main.c:725:6:SystemClock_Config	72	static
main.c:764:13:MX_I2C1_Init	8	static
main.c:798:13:MX_IWDG_Init	8	static
main.c:826:13:MX_SPI2_Init	8	static
main.c:864:13:MX_TIM1_Init	96	static
main.c:958:13:MX_TIM2_Init	72	static
main.c:1029:13:MX_TIM3_Init	80	static
main.c:1098:13:MX_TIM4_Init	32	static
main.c:1143:13:MX_USART1_UART_Init	8	static
main.c:1176:13:MX_GPIO_Init	40	static
main.c:1211:6:HAL_TIM_IC_CaptureCallback	24	static
main.c:1260:6:Error_Handler	4	static,ignoring_inline_asm
