main.c:80:6:rwFlash	104	static
main.c:410:5:main	8	static
main.c:505:6:SystemClock_Config	72	static
main.c:543:13:MX_I2C1_Init	8	static
main.c:577:13:MX_SPI2_Init	8	static
main.c:615:13:MX_TIM1_Init	96	static
main.c:709:13:MX_TIM2_Init	72	static
main.c:780:13:MX_TIM3_Init	56	static
main.c:836:13:MX_TIM4_Init	32	static
main.c:881:13:MX_USART1_UART_Init	8	static
main.c:914:13:MX_GPIO_Init	40	static
main.c:960:6:HAL_TIM_IC_CaptureCallback	16	static
main.c:993:6:Error_Handler	4	static,ignoring_inline_asm
