../Core/Src/stm32g4xx_it.c:80:6:NMI_Handler	0	static
../Core/Src/stm32g4xx_it.c:95:6:HardFault_Handler	0	static
../Core/Src/stm32g4xx_it.c:110:6:MemManage_Handler	0	static
../Core/Src/stm32g4xx_it.c:125:6:BusFault_Handler	0	static
../Core/Src/stm32g4xx_it.c:140:6:UsageFault_Handler	0	static
../Core/Src/stm32g4xx_it.c:155:6:SVC_Handler	0	static
../Core/Src/stm32g4xx_it.c:168:6:DebugMon_Handler	0	static
../Core/Src/stm32g4xx_it.c:181:6:PendSV_Handler	0	static
../Core/Src/stm32g4xx_it.c:194:6:SysTick_Handler	0	static
../Core/Src/stm32g4xx_it.c:215:6:DMA1_Channel1_IRQHandler	24	static
../Core/Src/stm32g4xx_it.c:281:6:TIM2_IRQHandler	0	static
../Core/Src/stm32g4xx_it.c:295:6:TIM3_IRQHandler	8	static
../Core/Src/stm32g4xx_it.c:310:6:TIM4_IRQHandler	8	static
