../Core/Src/stm32f3xx_it.c:78:6:NMI_Handler	8	static
../Core/Src/stm32f3xx_it.c:93:6:HardFault_Handler	8	static
../Core/Src/stm32f3xx_it.c:108:6:MemManage_Handler	8	static
../Core/Src/stm32f3xx_it.c:123:6:BusFault_Handler	8	static
../Core/Src/stm32f3xx_it.c:138:6:UsageFault_Handler	8	static
../Core/Src/stm32f3xx_it.c:153:6:SVC_Handler	0	static
../Core/Src/stm32f3xx_it.c:166:6:DebugMon_Handler	0	static
../Core/Src/stm32f3xx_it.c:179:6:PendSV_Handler	0	static
../Core/Src/stm32f3xx_it.c:192:6:SysTick_Handler	0	static
../Core/Src/stm32f3xx_it.c:213:6:DMA1_Channel1_IRQHandler	24	static
../Core/Src/stm32f3xx_it.c:279:6:TIM2_IRQHandler	0	static
../Core/Src/stm32f3xx_it.c:292:6:TIM3_IRQHandler	8	static
../Core/Src/stm32f3xx_it.c:306:6:TIM4_IRQHandler	8	static
