main.c:128:6:AD5245level	40	static
main.c:141:5:main	400	static
main.c:298:6:SystemClock_Config	128	static
main.c:350:13:MX_ADC1_Init	48	static
main.c:413:13:MX_I2C1_Init	8	static
main.c:459:13:MX_SPI2_Init	8	static
main.c:499:13:MX_TIM1_Init	96	static
main.c:585:13:MX_TIM2_Init	72	static
main.c:650:13:MX_TIM3_Init	88	static
main.c:719:13:MX_TIM4_Init	40	static
main.c:764:13:MX_USART1_UART_Init	8	static
main.c:799:13:MX_USART2_UART_Init	8	static
main.c:832:13:MX_DMA_Init	16	static
main.c:850:13:MX_GPIO_Init	48	static
main.c:896:6:HAL_TIM_IC_CaptureCallback	16	static
main.c:913:6:Error_Handler	4	static,ignoring_inline_asm
