../Core/Src/stm32f3xx_it.c:77:6:NMI_Handler	4	static
../Core/Src/stm32f3xx_it.c:92:6:HardFault_Handler	4	static
../Core/Src/stm32f3xx_it.c:107:6:MemManage_Handler	4	static
../Core/Src/stm32f3xx_it.c:122:6:BusFault_Handler	4	static
../Core/Src/stm32f3xx_it.c:137:6:UsageFault_Handler	4	static
../Core/Src/stm32f3xx_it.c:152:6:SVC_Handler	4	static
../Core/Src/stm32f3xx_it.c:165:6:DebugMon_Handler	4	static
../Core/Src/stm32f3xx_it.c:178:6:PendSV_Handler	4	static
../Core/Src/stm32f3xx_it.c:191:6:SysTick_Handler	8	static
../Core/Src/stm32f3xx_it.c:212:6:DMA1_Channel1_IRQHandler	24	static
../Core/Src/stm32f3xx_it.c:278:6:TIM2_IRQHandler	8	static
../Core/Src/stm32f3xx_it.c:291:6:TIM3_IRQHandler	8	static
../Core/Src/stm32f3xx_it.c:305:6:TIM4_IRQHandler	8	static
